Component: ARM Compiler 5.06 update 5 (build 528) Tool: armlink [4d35e2]

==============================================================================

Section Cross References

    main.o(i.GPRS_CON) refers to mqtt.o(i.at_com) for at_com
    main.o(i.GPRS_CON) refers to mqtt.o(i.at_com_check) for at_com_check
    main.o(i.GPRS_CON) refers to segger_rtt.o(i.SEGGER_RTT_WriteString) for SEGGER_RTT_WriteString
    main.o(i.GPRS_CON) refers to main.o(.data) for .data
    main.o(i.MQTT_CON) refers to mqtt.o(i.at_com) for at_com
    main.o(i.MQTT_CON) refers to segger_rtt.o(i.SEGGER_RTT_WriteString) for SEGGER_RTT_WriteString
    main.o(i.MQTT_CON) refers to simplepubsub.o(i.connect) for connect
    main.o(i.MQTT_CON) refers to main.o(i.nrf_delay_ms) for nrf_delay_ms
    main.o(i.MQTT_CON) refers to mqtt.o(.data) for connectOK_f
    main.o(i.MQTT_CON) refers to main.o(.data) for .data
    main.o(i.MQTT_INIT) refers to mqtt.o(i.at_com_check) for at_com_check
    main.o(i.MQTT_INIT) refers to mqtt.o(i.at_com) for at_com
    main.o(i.MQTT_INIT) refers to main.o(.data) for .data
    main.o(i.RESET) refers to mqtt.o(i.at_com) for at_com
    main.o(i.RESET) refers to main.o(i.nrf_delay_ms) for nrf_delay_ms
    main.o(i.RESET) refers to mqtt.o(i.at_com_check) for at_com_check
    main.o(i.RESET) refers to main.o(.data) for .data
    main.o(i.assert_nrf_callback) refers to app_error.o(i.app_error_handler) for app_error_handler
    main.o(i.ble_evt_dispatch) refers to main.o(i.on_ble_evt) for on_ble_evt
    main.o(i.ble_evt_dispatch) refers to bsp_btn_ble.o(i.bsp_btn_ble_on_ble_evt) for bsp_btn_ble_on_ble_evt
    main.o(i.ble_evt_dispatch) refers to ble_db_discovery.o(i.ble_db_discovery_on_ble_evt) for ble_db_discovery_on_ble_evt
    main.o(i.ble_evt_dispatch) refers to ble_nus_c.o(i.ble_nus_c_on_ble_evt) for ble_nus_c_on_ble_evt
    main.o(i.ble_evt_dispatch) refers to main.o(.bss) for .bss
    main.o(i.ble_nus_c_evt_handler) refers to printf8.o(i.__0printf$8) for __2printf
    main.o(i.ble_nus_c_evt_handler) refers to main.o(i.scan_start) for scan_start
    main.o(i.ble_nus_c_evt_handler) refers to ble_nus_c.o(i.ble_nus_c_handles_assign) for ble_nus_c_handles_assign
    main.o(i.ble_nus_c_evt_handler) refers to app_error.o(i.app_error_handler_bare) for app_error_handler_bare
    main.o(i.ble_nus_c_evt_handler) refers to ble_nus_c.o(i.ble_nus_c_rx_notif_enable) for ble_nus_c_rx_notif_enable
    main.o(i.bsp_event_handler) refers to bsp.o(i.bsp_indication_set) for bsp_indication_set
    main.o(i.bsp_event_handler) refers to app_error.o(i.app_error_handler_bare) for app_error_handler_bare
    main.o(i.bsp_event_handler) refers to bsp_btn_ble.o(i.bsp_btn_ble_sleep_mode_prepare) for bsp_btn_ble_sleep_mode_prepare
    main.o(i.bsp_event_handler) refers to main.o(.bss) for .bss
    main.o(i.db_disc_handler) refers to ble_nus_c.o(i.ble_nus_c_on_db_disc_evt) for ble_nus_c_on_db_disc_evt
    main.o(i.db_disc_handler) refers to main.o(.bss) for .bss
    main.o(i.main) refers to app_timer.o(i.app_timer_init) for app_timer_init
    main.o(i.main) refers to app_error.o(i.app_error_handler_bare) for app_error_handler_bare
    main.o(i.main) refers to mqtt.o(i.my_timer_start) for my_timer_start
    main.o(i.main) refers to mqtt.o(i.uart_init) for uart_init
    main.o(i.main) refers to bsp.o(i.bsp_init) for bsp_init
    main.o(i.main) refers to bsp_btn_ble.o(i.bsp_btn_ble_init) for bsp_btn_ble_init
    main.o(i.main) refers to main.o(i.nrf_gpio_cfg) for nrf_gpio_cfg
    main.o(i.main) refers to main.o(i.nrf_delay_ms) for nrf_delay_ms
    main.o(i.main) refers to ble_db_discovery.o(i.ble_db_discovery_init) for ble_db_discovery_init
    main.o(i.main) refers to softdevice_handler.o(i.softdevice_handler_init) for softdevice_handler_init
    main.o(i.main) refers to softdevice_handler.o(i.softdevice_enable_get_default_config) for softdevice_enable_get_default_config
    main.o(i.main) refers to softdevice_handler.o(i.softdevice_enable) for softdevice_enable
    main.o(i.main) refers to softdevice_handler.o(i.softdevice_ble_evt_handler_set) for softdevice_ble_evt_handler_set
    main.o(i.main) refers to ble_nus_c.o(i.ble_nus_c_init) for ble_nus_c_init
    main.o(i.main) refers to main.o(i.GPRS_CON) for GPRS_CON
    main.o(i.main) refers to main.o(i.MQTT_INIT) for MQTT_INIT
    main.o(i.main) refers to mqtt.o(i.millis) for millis
    main.o(i.main) refers to main.o(i.MQTT_CON) for MQTT_CON
    main.o(i.main) refers to segger_rtt.o(i.SEGGER_RTT_WriteString) for SEGGER_RTT_WriteString
    main.o(i.main) refers to simplepubsub.o(i.subscribe) for subscribe
    main.o(i.main) refers to simplepubsub.o(i.loop) for loop
    main.o(i.main) refers to main.o(.bss) for .bss
    main.o(i.main) refers to main.o(i.bsp_event_handler) for bsp_event_handler
    main.o(i.main) refers to main.o(i.db_disc_handler) for db_disc_handler
    main.o(i.main) refers to main.o(.constdata) for .constdata
[...]
    i.bsp_btn_ble_sleep_mode_prepare         0x0001cb90   Section        0  bsp_btn_ble.o(i.bsp_btn_ble_sleep_mode_prepare)
    i.bsp_button_event_handler               0x0001cbb4   Section        0  bsp.o(i.bsp_button_event_handler)
    bsp_button_event_handler                 0x0001cbb5   Thumb Code   134  bsp.o(i.bsp_button_event_handler)
    i.bsp_button_is_pressed                  0x0001cc48   Section        0  bsp.o(i.bsp_button_is_pressed)
    i.bsp_event_handler                      0x0001cc50   Section        0  main.o(i.bsp_event_handler)
    i.bsp_event_to_button_action_assign      0x0001cc94   Section        0  bsp.o(i.bsp_event_to_button_action_assign)
    i.bsp_indication_set                     0x0001ccdc   Section        0  bsp.o(i.bsp_indication_set)
    i.bsp_init                               0x0001ccf8   Section        0  bsp.o(i.bsp_init)
    i.bsp_led_indication                     0x0001cd90   Section        0  bsp.o(i.bsp_led_indication)
    bsp_led_indication                       0x0001cd91   Thumb Code   376  bsp.o(i.bsp_led_indication)
    i.bsp_wakeup_button_enable               0x0001cf10   Section        0  bsp.o(i.bsp_wakeup_button_enable)
    i.buildHeader                            0x0001cf20   Section        0  simplepubsub.o(i.buildHeader)
    i.button_timer_handler                   0x0001cf62   Section        0  bsp.o(i.button_timer_handler)
    button_timer_handler                     0x0001cf63   Thumb Code    12  bsp.o(i.button_timer_handler)
    i.channel_free                           0x0001cf70   Section        0  nrf_drv_gpiote.o(i.channel_free)
    channel_free                             0x0001cf71   Thumb Code    22  nrf_drv_gpiote.o(i.channel_free)
    i.channel_port_alloc                     0x0001cf8c   Section        0  nrf_drv_gpiote.o(i.channel_port_alloc)
    channel_port_alloc                       0x0001cf8d   Thumb Code    66  nrf_drv_gpiote.o(i.channel_port_alloc)
    i.channel_port_get                       0x0001cfd4   Section        0  nrf_drv_gpiote.o(i.channel_port_get)
    channel_port_get                         0x0001cfd5   Thumb Code    10  nrf_drv_gpiote.o(i.channel_port_get)
    i.characteristics_discover               0x0001cfe4   Section        0  ble_db_discovery.o(i.characteristics_discover)
    characteristics_discover                 0x0001cfe5   Thumb Code    60  ble_db_discovery.o(i.characteristics_discover)
    i.clock_clk_started_notify               0x0001d020   Section        0  nrf_drv_clock.o(i.clock_clk_started_notify)
    clock_clk_started_notify                 0x0001d021   Thumb Code    34  nrf_drv_clock.o(i.clock_clk_started_notify)
    i.compare_reg_update                     0x0001d048   Section        0  app_timer.o(i.compare_reg_update)
    compare_reg_update                       0x0001d049   Thumb Code   142  app_timer.o(i.compare_reg_update)
    i.connect                                0x0001d0f0   Section        0  simplepubsub.o(i.connect)
    i.connect5                               0x0001d10c   Section        0  simplepubsub.o(i.connect5)
    i.connected                              0x0001d2ec   Section        0  simplepubsub.o(i.connected)
    i.db_disc_handler                        0x0001d318   Section        0  main.o(i.db_disc_handler)
    db_disc_handler                          0x0001d319   Thumb Code    12  main.o(i.db_disc_handler)
    i.descriptors_discover                   0x0001d328   Section        0  ble_db_discovery.o(i.descriptors_discover)
    descriptors_discover                     0x0001d329   Thumb Code   132  ble_db_discovery.o(i.descriptors_discover)
    i.detection_delay_timeout_handler        0x0001d3ac   Section        0  app_button.o(i.detection_delay_timeout_handler)
    detection_delay_timeout_handler          0x0001d3ad   Thumb Code    90  app_button.o(i.detection_delay_timeout_handler)
    i.discovery_complete_evt_trigger         0x0001d40c   Section        0  ble_db_discovery.o(i.discovery_complete_evt_trigger)
    discovery_complete_evt_trigger           0x0001d40d   Thumb Code   134  ble_db_discovery.o(i.discovery_complete_evt_trigger)
    i.discovery_error_evt_trigger            0x0001d49c   Section        0  ble_db_discovery.o(i.discovery_error_evt_trigger)
    discovery_error_evt_trigger              0x0001d49d   Thumb Code    46  ble_db_discovery.o(i.discovery_error_evt_trigger)
    i.elapsed_ticks_acquire                  0x0001d4cc   Section        0  app_timer.o(i.elapsed_ticks_acquire)
    elapsed_ticks_acquire                    0x0001d4cd   Thumb Code    58  app_timer.o(i.elapsed_ticks_acquire)
    i.fifo_get                               0x0001d50c   Section        0  app_fifo.o(i.fifo_get)
    fifo_get                                 0x0001d50d   Thumb Code    20  app_fifo.o(i.fifo_get)
    i.fifo_put                               0x0001d520   Section        0  app_fifo.o(i.fifo_put)
    fifo_put                                 0x0001d521   Thumb Code    18  app_fifo.o(i.fifo_put)
    i.fputc                                  0x0001d532   Section        0  retarget.o(i.fputc)
    i.getReply                               0x0001d540   Section        0  mqtt.o(i.getReply)
    i.gpiote_event_handler                   0x0001d5a8   Section        0  app_button.o(i.gpiote_event_handler)
    gpiote_event_handler                     0x0001d5a9   Thumb Code    72  app_button.o(i.gpiote_event_handler)
    i.intern_softdevice_events_execute       0x0001d5f8   Section        0  softdevice_handler.o(i.intern_softdevice_events_execute)
    i.is_desc_discovery_reqd                 0x0001d678   Section        0  ble_db_discovery.o(i.is_desc_discovery_reqd)
    is_desc_discovery_reqd                   0x0001d679   Thumb Code    68  ble_db_discovery.o(i.is_desc_discovery_reqd)
    i.is_manual_peripheral_setup_needed      0x0001d6bc   Section        0  system_nrf51.o(i.is_manual_peripheral_setup_needed)
    is_manual_peripheral_setup_needed        0x0001d6bd   Thumb Code    66  system_nrf51.o(i.is_manual_peripheral_setup_needed)
    i.is_uuid_present                        0x0001d704   Section        0  main.o(i.is_uuid_present)
    is_uuid_present                          0x0001d705   Thumb Code   222  main.o(i.is_uuid_present)
    i.leds_timer_handler                     0x0001d7ec   Section        0  bsp.o(i.leds_timer_handler)
    leds_timer_handler                       0x0001d7ed   Thumb Code    18  bsp.o(i.leds_timer_handler)
    i.list_deletions_handler                 0x0001d804   Section        0  app_timer.o(i.list_deletions_handler)
    list_deletions_handler                   0x0001d805   Thumb Code   162  app_timer.o(i.list_deletions_handler)
    i.list_insertions_handler                0x0001d8b0   Section        0  app_timer.o(i.list_insertions_handler)
    list_insertions_handler                  0x0001d8b1   Thumb Code   178  app_timer.o(i.list_insertions_handler)
    i.loop                                   0x0001d96c   Section        0  simplepubsub.o(i.loop)
    i.main                                   0x0001d9bc   Section        0  main.o(i.main)
    i.millis                                 0x0001db24   Section        0  mqtt.o(i.millis)
    i.my_timer_start                         0x0001db68   Section        0  mqtt.o(i.my_timer_start)
    i.nrf_bitmask_bit_is_set                 0x0001dbcc   Section        0  nrf_drv_gpiote.o(i.nrf_bitmask_bit_is_set)
    nrf_bitmask_bit_is_set                   0x0001dbcd   Thumb Code    16  nrf_drv_gpiote.o(i.nrf_bitmask_bit_is_set)
    i.nrf_clock_event_check                  0x0001dbdc   Section        0  nrf_drv_clock.o(i.nrf_clock_event_check)
    nrf_clock_event_check                    0x0001dbdd   Thumb Code    16  nrf_drv_clock.o(i.nrf_clock_event_check)
    i.nrf_delay_ms                           0x0001dbec   Section        0  main.o(i.nrf_delay_ms)
    nrf_delay_ms                             0x0001dbed   Thumb Code    42  main.o(i.nrf_delay_ms)
    i.nrf_delay_ms                           0x0001dc20   Section        0  mqtt.o(i.nrf_delay_ms)
    nrf_delay_ms                             0x0001dc21   Thumb Code    42  mqtt.o(i.nrf_delay_ms)
    i.nrf_delay_ms                           0x0001dc54   Section        0  simplepubsub.o(i.nrf_delay_ms)
    nrf_delay_ms                             0x0001dc55   Thumb Code    42  simplepubsub.o(i.nrf_delay_ms)
    i.nrf_delay_us                           0x0001dc88   Section        0  app_timer.o(i.nrf_delay_us)
    nrf_delay_us                             0x0001dc89   Thumb Code    38  app_timer.o(i.nrf_delay_us)
    i.nrf_drv_clock_init                     0x0001dcb8   Section        0  nrf_drv_clock.o(i.nrf_drv_clock_init)
    i.nrf_drv_clock_on_sd_enable             0x0001dd00   Section        0  nrf_drv_clock.o(i.nrf_drv_clock_on_sd_enable)
    i.nrf_drv_clock_on_soc_event             0x0001dd34   Section        0  nrf_drv_clock.o(i.nrf_drv_clock_on_soc_event)
    i.nrf_drv_common_irq_enable              0x0001dd40   Section        0  nrf_drv_common.o(i.nrf_drv_common_irq_enable)
    i.nrf_drv_gpiote_in_event_enable         0x0001dda0   Section        0  nrf_drv_gpiote.o(i.nrf_drv_gpiote_in_event_enable)
    i.nrf_drv_gpiote_in_init                 0x0001de38   Section        0  nrf_drv_gpiote.o(i.nrf_drv_gpiote_in_init)
    i.nrf_drv_gpiote_in_is_set               0x0001dee0   Section        0  nrf_drv_gpiote.o(i.nrf_drv_gpiote_in_is_set)
    i.nrf_drv_gpiote_init                    0x0001def4   Section        0  nrf_drv_gpiote.o(i.nrf_drv_gpiote_init)
    i.nrf_drv_gpiote_is_init                 0x0001df50   Section        0  nrf_drv_gpiote.o(i.nrf_drv_gpiote_is_init)
    i.nrf_drv_uart_init                      0x0001df60   Section        0  nrf_drv_uart.o(i.nrf_drv_uart_init)
    i.nrf_drv_uart_rx                        0x0001dfe0   Section        0  nrf_drv_uart.o(i.nrf_drv_uart_rx)
    i.nrf_drv_uart_rx_enable                 0x0001e03c   Section        0  nrf_drv_uart.o(i.nrf_drv_uart_rx_enable)
    i.nrf_drv_uart_rx_for_uart               0x0001e068   Section        0  nrf_drv_uart.o(i.nrf_drv_uart_rx_for_uart)
    nrf_drv_uart_rx_for_uart                 0x0001e069   Thumb Code   164  nrf_drv_uart.o(i.nrf_drv_uart_rx_for_uart)
    i.nrf_drv_uart_tx                        0x0001e110   Section        0  nrf_drv_uart.o(i.nrf_drv_uart_tx)
    i.nrf_drv_uart_tx_for_uart               0x0001e144   Section        0  nrf_drv_uart.o(i.nrf_drv_uart_tx_for_uart)
    nrf_drv_uart_tx_for_uart                 0x0001e145   Thumb Code   134  nrf_drv_uart.o(i.nrf_drv_uart_tx_for_uart)
    i.nrf_drv_uart_tx_in_progress            0x0001e1d0   Section        0  nrf_drv_uart.o(i.nrf_drv_uart_tx_in_progress)
    i.nrf_gpio_cfg                           0x0001e1e8   Section        0  main.o(i.nrf_gpio_cfg)
    nrf_gpio_cfg                             0x0001e1e9   Thumb Code    40  main.o(i.nrf_gpio_cfg)
    i.nrf_gpio_cfg                           0x0001e210   Section        0  boards.o(i.nrf_gpio_cfg)
    nrf_gpio_cfg                             0x0001e211   Thumb Code    40  boards.o(i.nrf_gpio_cfg)
    i.nrf_gpio_cfg                           0x0001e238   Section        0  nrf_drv_gpiote.o(i.nrf_gpio_cfg)
    nrf_gpio_cfg                             0x0001e239   Thumb Code    40  nrf_drv_gpiote.o(i.nrf_gpio_cfg)
    i.nrf_gpio_cfg                           0x0001e260   Section        0  nrf_drv_uart.o(i.nrf_gpio_cfg)
    nrf_gpio_cfg                             0x0001e261   Thumb Code    40  nrf_drv_uart.o(i.nrf_gpio_cfg)
    i.nrf_gpio_cfg_input                     0x0001e288   Section        0  nrf_drv_uart.o(i.nrf_gpio_cfg_input)
    nrf_gpio_cfg_input                       0x0001e289   Thumb Code    18  nrf_drv_uart.o(i.nrf_gpio_cfg_input)
    i.nrf_gpio_cfg_output                    0x0001e29a   Section        0  nrf_drv_uart.o(i.nrf_gpio_cfg_output)
    nrf_gpio_cfg_output                      0x0001e29b   Thumb Code    20  nrf_drv_uart.o(i.nrf_gpio_cfg_output)
    i.nrf_gpio_cfg_sense_set                 0x0001e2ae   Section        0  bsp.o(i.nrf_gpio_cfg_sense_set)
    nrf_gpio_cfg_sense_set                   0x0001e2af   Thumb Code    34  bsp.o(i.nrf_gpio_cfg_sense_set)
    i.nrf_gpio_cfg_sense_set                 0x0001e2d0   Section        0  nrf_drv_gpiote.o(i.nrf_gpio_cfg_sense_set)
    nrf_gpio_cfg_sense_set                   0x0001e2d1   Thumb Code    34  nrf_drv_gpiote.o(i.nrf_gpio_cfg_sense_set)
    i.nrf_gpio_pin_write                     0x0001e2f4   Section        0  boards.o(i.nrf_gpio_pin_write)
    nrf_gpio_pin_write                       0x0001e2f5   Thumb Code    18  boards.o(i.nrf_gpio_pin_write)
    i.nrf_gpio_ports_read                    0x0001e30c   Section        0  nrf_drv_gpiote.o(i.nrf_gpio_ports_read)
    nrf_gpio_ports_read                      0x0001e30d   Thumb Code    36  nrf_drv_gpiote.o(i.nrf_gpio_ports_read)
    i.nrf_gpiote_event_clear                 0x0001e334   Section        0  nrf_drv_gpiote.o(i.nrf_gpiote_event_clear)
    nrf_gpiote_event_clear                   0x0001e335   Thumb Code    10  nrf_drv_gpiote.o(i.nrf_gpiote_event_clear)
    i.nrf_gpiote_event_is_set                0x0001e344   Section        0  nrf_drv_gpiote.o(i.nrf_gpiote_event_is_set)
    nrf_gpiote_event_is_set                  0x0001e345   Thumb Code    14  nrf_drv_gpiote.o(i.nrf_gpiote_event_is_set)
    i.nrf_uart_event_check                   0x0001e358   Section        0  nrf_drv_uart.o(i.nrf_uart_event_check)
    nrf_uart_event_check                     0x0001e359   Thumb Code    10  nrf_drv_uart.o(i.nrf_uart_event_check)
    i.nrf_uart_int_enable_check              0x0001e362   Section        0  nrf_drv_uart.o(i.nrf_uart_int_enable_check)
    nrf_uart_int_enable_check                0x0001e363   Thumb Code    16  nrf_drv_uart.o(i.nrf_uart_int_enable_check)
    i.on_ble_evt                             0x0001e374   Section        0  main.o(i.on_ble_evt)
    on_ble_evt                               0x0001e375   Thumb Code   232  main.o(i.on_ble_evt)
    i.on_characteristic_discovery_rsp        0x0001e4b4   Section        0  ble_db_discovery.o(i.on_characteristic_discovery_rsp)
    on_characteristic_discovery_rsp          0x0001e4b5   Thumb Code   244  ble_db_discovery.o(i.on_characteristic_discovery_rsp)
    i.on_descriptor_discovery_rsp            0x0001e5ac   Section        0  ble_db_discovery.o(i.on_descriptor_discovery_rsp)
    on_descriptor_discovery_rsp              0x0001e5ad   Thumb Code   238  ble_db_discovery.o(i.on_descriptor_discovery_rsp)
    i.on_primary_srv_discovery_rsp           0x0001e6a0   Section        0  ble_db_discovery.o(i.on_primary_srv_discovery_rsp)
    on_primary_srv_discovery_rsp             0x0001e6a1   Thumb Code   104  ble_db_discovery.o(i.on_primary_srv_discovery_rsp)
    i.on_srv_disc_completion                 0x0001e70c   Section        0  ble_db_discovery.o(i.on_srv_disc_completion)
    on_srv_disc_completion                   0x0001e70d   Thumb Code    98  ble_db_discovery.o(i.on_srv_disc_completion)
    i.pin_in_use_by_port                     0x0001e778   Section        0  nrf_drv_gpiote.o(i.pin_in_use_by_port)
    pin_in_use_by_port                       0x0001e779   Thumb Code    20  nrf_drv_gpiote.o(i.pin_in_use_by_port)
    i.pin_in_use_by_te                       0x0001e790   Section        0  nrf_drv_gpiote.o(i.pin_in_use_by_te)
    pin_in_use_by_te                         0x0001e791   Thumb Code    20  nrf_drv_gpiote.o(i.pin_in_use_by_te)
    i.ping_handle                            0x0001e7a8   Section        0  simplepubsub.o(i.ping_handle)
    i.readserver                             0x0001e84c   Section        0  simplepubsub.o(i.readserver)
    i.registered_handler_get                 0x0001eb50   Section        0  ble_db_discovery.o(i.registered_handler_get)
    registered_handler_get                   0x0001eb51   Thumb Code    46  ble_db_discovery.o(i.registered_handler_get)
    i.rtc1_stop                              0x0001eb88   Section        0  app_timer.o(i.rtc1_stop)
    rtc1_stop                                0x0001eb89   Thumb Code    50  app_timer.o(i.rtc1_stop)
    i.rx_byte                                0x0001ebcc   Section        0  nrf_drv_uart.o(i.rx_byte)
    rx_byte                                  0x0001ebcd   Thumb Code    38  nrf_drv_uart.o(i.rx_byte)
    i.rx_done_event                          0x0001ebf2   Section        0  nrf_drv_uart.o(i.rx_done_event)
    rx_done_event                            0x0001ebf3   Thumb Code    20  nrf_drv_uart.o(i.rx_done_event)
    i.rx_enable                              0x0001ec06   Section        0  nrf_drv_uart.o(i.rx_enable)
    rx_enable                                0x0001ec07   Thumb Code    26  nrf_drv_uart.o(i.rx_enable)
    i.scan_start                             0x0001ec20   Section        0  main.o(i.scan_start)
    scan_start                               0x0001ec21   Thumb Code    30  main.o(i.scan_start)
    i.sd_nvic_EnableIRQ                      0x0001ec44   Section        0  softdevice_handler.o(i.sd_nvic_EnableIRQ)
    sd_nvic_EnableIRQ                        0x0001ec45   Thumb Code   112  softdevice_handler.o(i.sd_nvic_EnableIRQ)
    i.sendCheckReply                         0x0001ecc8   Section        0  mqtt.o(i.sendCheckReply)
    i.softdevice_ble_evt_handler_set         0x0001ed2c   Section        0  softdevice_handler.o(i.softdevice_ble_evt_handler_set)
    i.softdevice_enable                      0x0001ed40   Section        0  softdevice_handler.o(i.softdevice_enable)
    i.softdevice_enable_get_default_config   0x0001ed54   Section        0  softdevice_handler.o(i.softdevice_enable_get_default_config)
    i.softdevice_fault_handler               0x0001ed7c   Section        0  softdevice_handler.o(i.softdevice_fault_handler)
    i.softdevice_handler_init                0x0001ed84   Section        0  softdevice_handler.o(i.softdevice_handler_init)
    i.softdevice_handler_is_enabled          0x0001eddc   Section        0  softdevice_handler.o(i.softdevice_handler_is_enabled)
    i.subscribe                              0x0001ede8   Section        0  simplepubsub.o(i.subscribe)
    i.subscribe2                             0x0001edf4   Section        0  simplepubsub.o(i.subscribe2)
    i.timer_list_handler                     0x0001eef0   Section        0  app_timer.o(i.timer_list_handler)
    timer_list_handler                       0x0001eef1   Thumb Code   128  app_timer.o(i.timer_list_handler)
    i.timer_list_handler_sched               0x0001ef74   Section        0  app_timer.o(i.timer_list_handler_sched)
    timer_list_handler_sched                 0x0001ef75   Thumb Code    10  app_timer.o(i.timer_list_handler_sched)
    i.timer_list_insert                      0x0001ef84   Section        0  app_timer.o(i.timer_list_insert)
    timer_list_insert                        0x0001ef85   Thumb Code    60  app_timer.o(i.timer_list_insert)
    i.timer_stop_op_schedule                 0x0001efc4   Section        0  app_timer.o(i.timer_stop_op_schedule)
    timer_stop_op_schedule                   0x0001efc5   Thumb Code    68  app_timer.o(i.timer_stop_op_schedule)
    i.timer_timeouts_check                   0x0001f00c   Section        0  app_timer.o(i.timer_timeouts_check)
    timer_timeouts_check                     0x0001f00d   Thumb Code   118  app_timer.o(i.timer_timeouts_check)
    i.tx_byte                                0x0001f08c   Section        0  nrf_drv_uart.o(i.tx_byte)
    tx_byte                                  0x0001f08d   Thumb Code    30  nrf_drv_uart.o(i.tx_byte)
    i.tx_done_event                          0x0001f0aa   Section        0  nrf_drv_uart.o(i.tx_done_event)
    tx_done_event                            0x0001f0ab   Thumb Code    24  nrf_drv_uart.o(i.tx_done_event)
    i.uart_event_handle                      0x0001f0c4   Section        0  mqtt.o(i.uart_event_handle)
    i.uart_event_handler                     0x0001f36c   Section        0  app_uart_fifo.o(i.uart_event_handler)
    uart_event_handler                       0x0001f36d   Thumb Code   158  app_uart_fifo.o(i.uart_event_handler)
    i.uart_init                              0x0001f414   Section        0  mqtt.o(i.uart_init)
    i.uart_irq_handler                       0x0001f458   Section        0  nrf_drv_uart.o(i.uart_irq_handler)
    uart_irq_handler                         0x0001f459   Thumb Code   296  nrf_drv_uart.o(i.uart_irq_handler)
    i.user_op_alloc                          0x0001f580   Section        0  app_timer.o(i.user_op_alloc)
    user_op_alloc                            0x0001f581   Thumb Code    40  app_timer.o(i.user_op_alloc)
    i.write                                  0x0001f5ac   Section        0  simplepubsub.o(i.write)
    i.writeString                            0x0001f610   Section        0  simplepubsub.o(i.writeString)
    .constdata                               0x0001f63c   Section       32  main.o(.constdata)
    m_nus_uuid                               0x0001f63c   Data           4  main.o(.constdata)
    m_connection_param                       0x0001f644   Data           8  main.o(.constdata)
    m_scan_params                            0x0001f64c   Data          16  main.o(.constdata)
    .constdata                               0x0001f65c   Section       24  mqtt.o(.constdata)
    .constdata                               0x0001f674   Section      102  simplepubsub.o(.constdata)
    .constdata                               0x0001f6da   Section        8  boards.o(.constdata)
    m_board_led_list                         0x0001f6da   Data           4  boards.o(.constdata)
    m_board_btn_list                         0x0001f6de   Data           4  boards.o(.constdata)
    .constdata                               0x0001f6e4   Section       44  bsp.o(.constdata)
    m_leds_timer_id                          0x0001f6e4   Data           4  bsp.o(.constdata)
    m_alert_timer_id                         0x0001f6e8   Data           4  bsp.o(.constdata)
    m_button_timer_id                        0x0001f6ec   Data           4  bsp.o(.constdata)
    app_buttons                              0x0001f6f0   Data          32  bsp.o(.constdata)
    .constdata                               0x0001f710   Section       40  ble_nus_c.o(.constdata)
    .constdata                               0x0001f738   Section        4  nrf_drv_gpiote.o(.constdata)
    .constdata                               0x0001f73c   Section        8  app_button.o(.constdata)
    m_detection_delay_timer_id               0x0001f73c   Data           4  app_button.o(.constdata)
    .constdata                               0x0001f744   Section       32  app_uart_fifo.o(.constdata)
    .conststring                             0x0001f764   Section       40  main.o(.conststring)
    .conststring                             0x0001f78c   Section      193  mqtt.o(.conststring)
    .conststring                             0x0001f850   Section        7  simplepubsub.o(.conststring)
    .data                                    0x20001fe8   Section       16  main.o(.data)
    .data                                    0x20001ff8   Section        1  main.o(.data)
    .data                                    0x20001ff9   Section        1  main.o(.data)
    .data                                    0x20001ffc   Section       73  mqtt.o(.data)
    index                                    0x20002004   Data           1  mqtt.o(.data)
    my_timer_10ms                            0x2000200c   Data           4  mqtt.o(.data)
    my_timer_seconds                         0x2000203c   Data           4  mqtt.o(.data)
    .data                                    0x20002048   Section       36  simplepubsub.o(.data)
    .data                                    0x2000206c   Section       20  bsp.o(.data)
    m_stable_state                           0x2000206c   Data           1  bsp.o(.data)
    m_leds_clear                             0x2000206d   Data           1  bsp.o(.data)
    current_long_push_pin_no                 0x2000206e   Data           1  bsp.o(.data)
    m_app_ticks_per_100ms                    0x20002070   Data           4  bsp.o(.data)
    m_indication_type                        0x20002074   Data           4  bsp.o(.data)
    m_registered_callback                    0x20002078   Data           4  bsp.o(.data)
    release_event_at_push                    0x2000207c   Data           4  bsp.o(.data)
    .data                                    0x20002080   Section        8  bsp_btn_ble.o(.data)
    m_error_handler                          0x20002080   Data           4  bsp_btn_ble.o(.data)
    m_num_connections                        0x20002084   Data           4  bsp_btn_ble.o(.data)
    .data                                    0x20002088   Section       16  ble_db_discovery.o(.data)
    m_initialized                            0x20002088   Data           1  ble_db_discovery.o(.data)
    m_evt_handler                            0x2000208c   Data           4  ble_db_discovery.o(.data)
    m_pending_usr_evt_index                  0x20002090   Data           4  ble_db_discovery.o(.data)
    m_num_of_handlers_reg                    0x20002094   Data           4  ble_db_discovery.o(.data)
    .data                                    0x20002098   Section       20  app_button.o(.data)
    m_button_count                           0x20002098   Data           1  app_button.o(.data)
    mp_buttons                               0x2000209c   Data           4  app_button.o(.data)
    m_detection_delay                        0x200020a0   Data           4  app_button.o(.data)
    m_pin_state                              0x200020a4   Data           4  app_button.o(.data)
    m_pin_transition                         0x200020a8   Data           4  app_button.o(.data)
    .data                                    0x200020ac   Section       32  app_timer.o(.data)
    m_ticks_elapsed_q_read_ind               0x200020ac   Data           1  app_timer.o(.data)
    m_ticks_elapsed_q_write_ind              0x200020ad   Data           1  app_timer.o(.data)
    m_rtc1_running                           0x200020ae   Data           1  app_timer.o(.data)
    m_rtc1_reset                             0x200020af   Data           1  app_timer.o(.data)
    mp_timer_id_head                         0x200020b0   Data           4  app_timer.o(.data)
    m_ticks_latest                           0x200020b4   Data           4  app_timer.o(.data)
    m_evt_schedule_func                      0x200020b8   Data           4  app_timer.o(.data)
    m_op_queue                               0x200020bc   Data           8  app_timer.o(.data)
    m_ticks_elapsed                          0x200020c4   Data           8  app_timer.o(.data)
    .data                                    0x200020cc   Section       16  app_uart_fifo.o(.data)
    tx_buffer                                0x200020cc   Data           1  app_uart_fifo.o(.data)
    rx_buffer                                0x200020cd   Data           1  app_uart_fifo.o(.data)
    m_rx_ovf                                 0x200020ce   Data           1  app_uart_fifo.o(.data)
    m_event_handler                          0x200020d0   Data           4  app_uart_fifo.o(.data)
    app_uart_inst                            0x200020d4   Data           8  app_uart_fifo.o(.data)
    .data                                    0x200020dc   Section       12  app_util_platform.o(.data)
    m_in_critical_region                     0x200020dc   Data           4  app_util_platform.o(.data)
    .data                                    0x200020e8   Section        4  retarget.o(.data)
    .data                                    0x200020ec   Section       20  softdevice_handler.o(.data)
    m_softdevice_enabled                     0x200020ec   Data           1  softdevice_handler.o(.data)
    m_suspended                              0x200020ed   Data           1  softdevice_handler.o(.data)
    m_ble_evt_buffer_size                    0x200020ee   Data           2  softdevice_handler.o(.data)
    m_evt_schedule_func                      0x200020f0   Data           4  softdevice_handler.o(.data)
    mp_ble_evt_buffer                        0x200020f4   Data           4  softdevice_handler.o(.data)
    m_ble_evt_handler                        0x200020f8   Data           4  softdevice_handler.o(.data)
    m_sys_evt_handler                        0x200020fc   Data           4  softdevice_handler.o(.data)
    .data                                    0x20002100   Section        4  system_nrf51.o(.data)
    __tagsym$$used                           0x20002100   Number         0  system_nrf51.o(.data)
    .bss                                     0x20002104   Section      818  main.o(.bss)
    BLE_EVT_BUFFER                           0x20002104   Data          72  main.o(.bss)
    APP_TIMER_BUF                            0x2000214c   Data          72  main.o(.bss)
    m_ble_nus_c                              0x20002194   Data          16  main.o(.bss)
    m_ble_db_discovery                       0x200021a4   Data         608  main.o(.bss)
    .bss                                     0x20002436   Section      792  mqtt.o(.bss)
    rx_buf                                   0x20002436   Data         256  mqtt.o(.bss)
    tx_buf                                   0x20002536   Data         256  mqtt.o(.bss)
    .bss                                     0x2000274e   Section       70  mqtt.o(.bss)
    .bss                                     0x20002794   Section      150  simplepubsub.o(.bss)
    .bss                                     0x2000282c   Section       32  bsp.o(.bss)
    m_leds_timer_id_data                     0x2000282c   Data          32  bsp.o(.bss)
    .bss                                     0x2000284c   Section       32  bsp.o(.bss)
    m_alert_timer_id_data                    0x2000284c   Data          32  bsp.o(.bss)
    .bss                                     0x2000286c   Section       12  bsp.o(.bss)
    m_events_list                            0x2000286c   Data          12  bsp.o(.bss)
    .bss                                     0x20002878   Section       32  bsp.o(.bss)
    m_button_timer_id_data                   0x20002878   Data          32  bsp.o(.bss)
    .bss                                     0x20002898   Section      672  ble_db_discovery.o(.bss)
    m_registered_handlers                    0x20002898   Data          24  ble_db_discovery.o(.bss)
    m_pending_user_evts                      0x200028b0   Data         648  ble_db_discovery.o(.bss)
    .bss                                     0x20002b38   Section       20  nrf_drv_clock.o(.bss)
    m_clock_cb                               0x20002b38   Data          20  nrf_drv_clock.o(.bss)
    .bss                                     0x20002b4c   Section       72  nrf_drv_gpiote.o(.bss)
    m_cb                                     0x20002b4c   Data          72  nrf_drv_gpiote.o(.bss)
    .bss                                     0x20002b94   Section       28  nrf_drv_uart.o(.bss)
    m_cb                                     0x20002b94   Data          28  nrf_drv_uart.o(.bss)
    .bss                                     0x20002bb0   Section       32  app_button.o(.bss)
    m_detection_delay_timer_id_data          0x20002bb0   Data          32  app_button.o(.bss)
    .bss                                     0x20002bd0   Section       32  app_uart_fifo.o(.bss)
    m_rx_fifo                                0x20002bd0   Data          16  app_uart_fifo.o(.bss)
    m_tx_fifo                                0x20002be0   Data          16  app_uart_fifo.o(.bss)
    .bss                                     0x20002bf0   Section      200  segger_rtt.o(.bss)
    _acUpBuffer                              0x20002bf0   Data          64  segger_rtt.o(.bss)
    _acDownBuffer                            0x20002c30   Data          16  segger_rtt.o(.bss)
    STACK                                    0x20002cb8   Section     2048  arm_startup_nrf51.o(STACK)

    Global Symbols

    Symbol Name                              Value     Ov Type        Size  Object(Section)

    BuildAttributes$$THM_ISAv3M$S$PE$A:L22$X:L11$S22$IEEE1$IW$USESV6$~STKCKD$USESV7$~SHL$OSPACE$ROPI$EBA8$MICROLIB$REQ8$PRES8$EABIv2 0x00000000   Number         0  anon$$obj.o ABSOLUTE
    __ARM_use_no_argv                        0x00000000   Number         0  main.o ABSOLUTE
    _printf_a                                0x00000000   Number         0  stubs.o ABSOLUTE
    _printf_c                                0x00000000   Number         0  stubs.o ABSOLUTE
    _printf_charcount                        0x00000000   Number         0  stubs.o ABSOLUTE
    _printf_d                                0x00000000   Number         0  stubs.o ABSOLUTE
    _printf_e                                0x00000000   Number         0  stubs.o ABSOLUTE
    _printf_f                                0x00000000   Number         0  stubs.o ABSOLUTE
    _printf_flags                            0x00000000   Number         0  stubs.o ABSOLUTE
    _printf_fp_dec                           0x00000000   Number         0  stubs.o ABSOLUTE
    _printf_fp_hex                           0x00000000   Number         0  stubs.o ABSOLUTE
    _printf_g                                0x00000000   Number         0  stubs.o ABSOLUTE
    _printf_i                                0x00000000   Number         0  stubs.o ABSOLUTE
    _printf_int_dec                          0x00000000   Number         0  stubs.o ABSOLUTE
    _printf_l                                0x00000000   Number         0  stubs.o ABSOLUTE
    _printf_lc                               0x00000000   Number         0  stubs.o ABSOLUTE
    _printf_ll                               0x00000000   Number         0  stubs.o ABSOLUTE
    _printf_lld                              0x00000000   Number         0  stubs.o ABSOLUTE
    _printf_lli                              0x00000000   Number         0  stubs.o ABSOLUTE
    _printf_llo                              0x00000000   Number         0  stubs.o ABSOLUTE
    _printf_llu                              0x00000000   Number         0  stubs.o ABSOLUTE
    _printf_llx                              0x00000000   Number         0  stubs.o ABSOLUTE
    _printf_longlong_dec                     0x00000000   Number         0  stubs.o ABSOLUTE
    _printf_longlong_hex                     0x00000000   Number         0  stubs.o ABSOLUTE
    _printf_longlong_oct                     0x00000000   Number         0  stubs.o ABSOLUTE
    _printf_ls                               0x00000000   Number         0  stubs.o ABSOLUTE
    _printf_mbtowc                           0x00000000   Number         0  stubs.o ABSOLUTE
    _printf_n                                0x00000000   Number         0  stubs.o ABSOLUTE
    _printf_o                                0x00000000   Number         0  stubs.o ABSOLUTE
    _printf_p                                0x00000000   Number         0  stubs.o ABSOLUTE
    _printf_percent                          0x00000000   Number         0  stubs.o ABSOLUTE
    _printf_pre_padding                      0x00000000   Number         0  stubs.o ABSOLUTE
    _printf_return_value                     0x00000000   Number         0  stubs.o ABSOLUTE
    _printf_s                                0x00000000   Number         0  stubs.o ABSOLUTE
    _printf_sizespec                         0x00000000   Number         0  stubs.o ABSOLUTE
    _printf_str                              0x00000000   Number         0  stubs.o ABSOLUTE
    _printf_truncate_signed                  0x00000000   Number         0  stubs.o ABSOLUTE
    _printf_truncate_unsigned                0x00000000   Number         0  stubs.o ABSOLUTE
    _printf_u                                0x00000000   Number         0  stubs.o ABSOLUTE
    _printf_wc                               0x00000000   Number         0  stubs.o ABSOLUTE
    _printf_wctomb                           0x00000000   Number         0  stubs.o ABSOLUTE
    _printf_widthprec                        0x00000000   Number         0  stubs.o ABSOLUTE
    _printf_x                                0x00000000   Number         0  stubs.o ABSOLUTE
    __cpp_initialize__aeabi_                  - Undefined Weak Reference
    __cxa_finalize                            - Undefined Weak Reference
    __decompress                              - Undefined Weak Reference
    _clock_init                               - Undefined Weak Reference
    _microlib_exit                            - Undefined Weak Reference
    __Vectors_Size                           0x000000c0   Number         0  arm_startup_nrf51.o ABSOLUTE
    __Vectors                                0x0001b000   Data           4  arm_startup_nrf51.o(RESET)
    __Vectors_End                            0x0001b0c0   Data           0  arm_startup_nrf51.o(RESET)
    __main                                   0x0001b0c1   Thumb Code     0  entry.o(.ARM.Collect$$$$00000000)
    _main_stk                                0x0001b0c1   Thumb Code     0  entry2.o(.ARM.Collect$$$$00000001)
    _main_scatterload                        0x0001b0c5   Thumb Code     0  entry5.o(.ARM.Collect$$$$00000004)
    __main_after_scatterload                 0x0001b0c9   Thumb Code     0  entry5.o(.ARM.Collect$$$$00000004)
    _main_clock                              0x0001b0c9   Thumb Code     0  entry7b.o(.ARM.Collect$$$$00000008)
    _main_cpp_init                           0x0001b0c9   Thumb Code     0  entry8b.o(.ARM.Collect$$$$0000000A)
    _main_init                               0x0001b0c9   Thumb Code     0  entry9a.o(.ARM.Collect$$$$0000000B)
    __rt_final_cpp                           0x0001b0d1   Thumb Code     0  entry10a.o(.ARM.Collect$$$$0000000D)
    __rt_final_exit                          0x0001b0d1   Thumb Code     0  entry11a.o(.ARM.Collect$$$$0000000F)
    Reset_Handler                            0x0001b0d5   Thumb Code    26  arm_startup_nrf51.o(.text)
    NMI_Handler                              0x0001b0ef   Thumb Code     2  arm_startup_nrf51.o(.text)
    HardFault_Handler                        0x0001b0f1   Thumb Code     2  arm_startup_nrf51.o(.text)
    SVC_Handler                              0x0001b0f3   Thumb Code     2  arm_startup_nrf51.o(.text)
    PendSV_Handler                           0x0001b0f5   Thumb Code     2  arm_startup_nrf51.o(.text)
    SysTick_Handler                          0x0001b0f7   Thumb Code     2  arm_startup_nrf51.o(.text)
    ADC_IRQHandler                           0x0001b0f9   Thumb Code     0  arm_startup_nrf51.o(.text)
    CCM_AAR_IRQHandler                       0x0001b0f9   Thumb Code     0  arm_startup_nrf51.o(.text)
    ECB_IRQHandler                           0x0001b0f9   Thumb Code     0  arm_startup_nrf51.o(.text)
    LPCOMP_IRQHandler                        0x0001b0f9   Thumb Code     0  arm_startup_nrf51.o(.text)
    QDEC_IRQHandler                          0x0001b0f9   Thumb Code     0  arm_startup_nrf51.o(.text)
    RADIO_IRQHandler                         0x0001b0f9   Thumb Code     0  arm_startup_nrf51.o(.text)
    RNG_IRQHandler                           0x0001b0f9   Thumb Code     0  arm_startup_nrf51.o(.text)
    RTC0_IRQHandler                          0x0001b0f9   Thumb Code     0  arm_startup_nrf51.o(.text)
    SPI0_TWI0_IRQHandler                     0x0001b0f9   Thumb Code     0  arm_startup_nrf51.o(.text)
    SPI1_TWI1_IRQHandler                     0x0001b0f9   Thumb Code     0  arm_startup_nrf51.o(.text)
    SWI1_IRQHandler                          0x0001b0f9   Thumb Code     0  arm_startup_nrf51.o(.text)
    SWI3_IRQHandler                          0x0001b0f9   Thumb Code     0  arm_startup_nrf51.o(.text)
    SWI4_IRQHandler                          0x0001b0f9   Thumb Code     0  arm_startup_nrf51.o(.text)
    SWI5_IRQHandler                          0x0001b0f9   Thumb Code     0  arm_startup_nrf51.o(.text)
    TEMP_IRQHandler                          0x0001b0f9   Thumb Code     0  arm_startup_nrf51.o(.text)
    TIMER0_IRQHandler                        0x0001b0f9   Thumb Code     0  arm_startup_nrf51.o(.text)
    TIMER2_IRQHandler                        0x0001b0f9   Thumb Code     0  arm_startup_nrf51.o(.text)
    WDT_IRQHandler                           0x0001b0f9   Thumb Code     0  arm_startup_nrf51.o(.text)
    __aeabi_uidiv                            0x0001b10d   Thumb Code     0  uidiv.o(.text)
    __aeabi_uidivmod                         0x0001b10d   Thumb Code    44  uidiv.o(.text)
    __aeabi_uldivmod                         0x0001b139   Thumb Code    96  uldiv.o(.text)
    __aeabi_memcpy                           0x0001b199   Thumb Code    36  memcpya.o(.text)
    __aeabi_memcpy4                          0x0001b199   Thumb Code     0  memcpya.o(.text)
    __aeabi_memcpy8                          0x0001b199   Thumb Code     0  memcpya.o(.text)
    __aeabi_memset                           0x0001b1bd   Thumb Code    14  memseta.o(.text)
    __aeabi_memset4                          0x0001b1bd   Thumb Code     0  memseta.o(.text)
    __aeabi_memset8                          0x0001b1bd   Thumb Code     0  memseta.o(.text)
    __aeabi_memclr                           0x0001b1cb   Thumb Code     4  memseta.o(.text)
    __aeabi_memclr4                          0x0001b1cb   Thumb Code     0  memseta.o(.text)
    __aeabi_memclr8                          0x0001b1cb   Thumb Code     0  memseta.o(.text)
    _memset$wrapper                          0x0001b1cf   Thumb Code    18  memseta.o(.text)
    strlen                                   0x0001b1e1   Thumb Code    14  strlen.o(.text)
    strcmp                                   0x0001b1ef   Thumb Code    28  strcmp.o(.text)
    strcpy                                   0x0001b20b   Thumb Code    18  strcpy.o(.text)
    strncmp                                  0x0001b21d   Thumb Code    30  strncmp.o(.text)
    __aeabi_llsl                             0x0001b23b   Thumb Code    32  llshl.o(.text)
    _ll_shift_l                              0x0001b23b   Thumb Code     0  llshl.o(.text)
    __aeabi_llsr                             0x0001b25b   Thumb Code    34  llushr.o(.text)
    _ll_ushift_r                             0x0001b25b   Thumb Code     0  llushr.o(.text)
    __scatterload                            0x0001b27d   Thumb Code    28  init.o(.text)
    __scatterload_rt2                        0x0001b27d   Thumb Code     0  init.o(.text)
    GPIOTE_IRQHandler                        0x0001b2a1   Thumb Code   364  nrf_drv_gpiote.o(i.GPIOTE_IRQHandler)
    GPRS_CON                                 0x0001b419   Thumb Code   390  main.o(i.GPRS_CON)
    MQTT_CON                                 0x0001b78d   Thumb Code    60  main.o(i.MQTT_CON)
    MQTT_INIT                                0x0001b819   Thumb Code    60  main.o(i.MQTT_INIT)
    POWER_CLOCK_IRQHandler                   0x0001b8f1   Thumb Code    70  nrf_drv_clock.o(i.POWER_CLOCK_IRQHandler)
    RTC1_IRQHandler                          0x0001b945   Thumb Code    28  app_timer.o(i.RTC1_IRQHandler)
    SEGGER_RTT_Write                         0x0001b965   Thumb Code    56  segger_rtt.o(i.SEGGER_RTT_Write)
    SEGGER_RTT_WriteNoLock                   0x0001b9a1   Thumb Code    86  segger_rtt.o(i.SEGGER_RTT_WriteNoLock)
    SEGGER_RTT_WriteString                   0x0001b9fd   Thumb Code    24  segger_rtt.o(i.SEGGER_RTT_WriteString)
    SWI0_IRQHandler                          0x0001ba15   Thumb Code     8  app_timer.o(i.SWI0_IRQHandler)
    SWI2_IRQHandler                          0x0001ba1d   Thumb Code    28  softdevice_handler.o(i.SWI2_IRQHandler)
    SystemInit                               0x0001ba3d   Thumb Code   130  system_nrf51.o(i.SystemInit)
    TIMER1_IRQHandler                        0x0001badd   Thumb Code    34  mqtt.o(i.TIMER1_IRQHandler)
    UART0_IRQHandler                         0x0001bb09   Thumb Code    12  nrf_drv_uart.o(i.UART0_IRQHandler)
    __0printf$8                              0x0001bc39   Thumb Code    24  printf8.o(i.__0printf$8)
    __1printf$8                              0x0001bc39   Thumb Code     0  printf8.o(i.__0printf$8)
    __2printf                                0x0001bc39   Thumb Code     0  printf8.o(i.__0printf$8)
    __0sprintf$8                             0x0001bc59   Thumb Code    36  printf8.o(i.__0sprintf$8)
    __1sprintf$8                             0x0001bc59   Thumb Code     0  printf8.o(i.__0sprintf$8)
    __2sprintf                               0x0001bc59   Thumb Code     0  printf8.o(i.__0sprintf$8)
    __ARM_common_switch8                     0x0001bc81   Thumb Code    26  bsp.o(i.__ARM_common_switch8)
    __scatterload_copy                       0x0001bc9b   Thumb Code    14  handlers.o(i.__scatterload_copy)
    __scatterload_null                       0x0001bca9   Thumb Code     2  handlers.o(i.__scatterload_null)
    __scatterload_zeroinit                   0x0001bcab   Thumb Code    14  handlers.o(i.__scatterload_zeroinit)
    app_button_enable                        0x0001c199   Thumb Code    32  app_button.o(i.app_button_enable)
    app_button_init                          0x0001c1bd   Thumb Code   100  app_button.o(i.app_button_init)
    app_error_fault_handler                  0x0001c231   Thumb Code    18  app_error_weak.o(i.app_error_fault_handler)
    app_error_handler_bare                   0x0001c24d   Thumb Code    20  app_error.o(i.app_error_handler_bare)
    app_fifo_get                             0x0001c265   Thumb Code    22  app_fifo.o(i.app_fifo_get)
    app_fifo_init                            0x0001c27b   Thumb Code    36  app_fifo.o(i.app_fifo_init)
    app_fifo_put                             0x0001c29f   Thumb Code    26  app_fifo.o(i.app_fifo_put)
    app_timer_create                         0x0001c2b9   Thumb Code    40  app_timer.o(i.app_timer_create)
    app_timer_init                           0x0001c2e5   Thumb Code    98  app_timer.o(i.app_timer_init)
    app_timer_start                          0x0001c359   Thumb Code   128  app_timer.o(i.app_timer_start)
    app_timer_stop                           0x0001c3e1   Thumb Code    36  app_timer.o(i.app_timer_stop)
    app_uart_get                             0x0001c409   Thumb Code    46  app_uart_fifo.o(i.app_uart_get)
    app_uart_init                            0x0001c441   Thumb Code   160  app_uart_fifo.o(i.app_uart_init)
    app_uart_put                             0x0001c4f1   Thumb Code    56  app_uart_fifo.o(i.app_uart_put)
    app_util_critical_region_enter           0x0001c531   Thumb Code    48  app_util_platform.o(i.app_util_critical_region_enter)
    app_util_critical_region_exit            0x0001c56d   Thumb Code    36  app_util_platform.o(i.app_util_critical_region_exit)
    at_com                                   0x0001c61d   Thumb Code    26  mqtt.o(i.at_com)
    at_com_check                             0x0001c641   Thumb Code    38  mqtt.o(i.at_com_check)
    ble_db_discovery_evt_register            0x0001c669   Thumb Code    66  ble_db_discovery.o(i.ble_db_discovery_evt_register)
    ble_db_discovery_init                    0x0001c6b5   Thumb Code    26  ble_db_discovery.o(i.ble_db_discovery_init)
    ble_db_discovery_on_ble_evt              0x0001c6d5   Thumb Code    80  ble_db_discovery.o(i.ble_db_discovery_on_ble_evt)
    ble_db_discovery_start                   0x0001c729   Thumb Code    88  ble_db_discovery.o(i.ble_db_discovery_start)
    ble_nus_c_handles_assign                 0x0001c835   Thumb Code    30  ble_nus_c.o(i.ble_nus_c_handles_assign)
    ble_nus_c_init                           0x0001c855   Thumb Code    74  ble_nus_c.o(i.ble_nus_c_init)
    ble_nus_c_on_ble_evt                     0x0001c8a9   Thumb Code   100  ble_nus_c.o(i.ble_nus_c_on_ble_evt)
    ble_nus_c_on_db_disc_evt                 0x0001c911   Thumb Code   118  ble_nus_c.o(i.ble_nus_c_on_db_disc_evt)
    ble_nus_c_rx_notif_enable                0x0001c98d   Thumb Code    64  ble_nus_c.o(i.ble_nus_c_rx_notif_enable)
    bsp_board_button_idx_to_pin              0x0001c9d5   Thumb Code     6  boards.o(i.bsp_board_button_idx_to_pin)
    bsp_board_button_state_get               0x0001c9e1   Thumb Code    24  boards.o(i.bsp_board_button_state_get)
    bsp_board_led_invert                     0x0001ca01   Thumb Code    24  boards.o(i.bsp_board_led_invert)
    bsp_board_led_off                        0x0001ca21   Thumb Code    14  boards.o(i.bsp_board_led_off)
    bsp_board_led_on                         0x0001ca35   Thumb Code    14  boards.o(i.bsp_board_led_on)
    bsp_board_led_state_get                  0x0001ca49   Thumb Code    24  boards.o(i.bsp_board_led_state_get)
    bsp_board_leds_init                      0x0001ca69   Thumb Code    36  boards.o(i.bsp_board_leds_init)
    bsp_board_leds_off                       0x0001ca91   Thumb Code    18  boards.o(i.bsp_board_leds_off)
    bsp_board_leds_on                        0x0001caa3   Thumb Code    18  boards.o(i.bsp_board_leds_on)
    bsp_board_pin_to_button_idx              0x0001cab5   Thumb Code    30  boards.o(i.bsp_board_pin_to_button_idx)
    bsp_btn_ble_init                         0x0001cad9   Thumb Code    58  bsp_btn_ble.o(i.bsp_btn_ble_init)
    bsp_btn_ble_on_ble_evt                   0x0001cb19   Thumb Code   114  bsp_btn_ble.o(i.bsp_btn_ble_on_ble_evt)
    bsp_btn_ble_sleep_mode_prepare           0x0001cb91   Thumb Code    34  bsp_btn_ble.o(i.bsp_btn_ble_sleep_mode_prepare)
    bsp_button_is_pressed                    0x0001cc49   Thumb Code     8  bsp.o(i.bsp_button_is_pressed)
    bsp_event_handler                        0x0001cc51   Thumb Code    64  main.o(i.bsp_event_handler)
    bsp_event_to_button_action_assign        0x0001cc95   Thumb Code    66  bsp.o(i.bsp_event_to_button_action_assign)
    bsp_indication_set                       0x0001ccdd   Thumb Code    22  bsp.o(i.bsp_indication_set)
    bsp_init                                 0x0001ccf9   Thumb Code   132  bsp.o(i.bsp_init)
    bsp_wakeup_button_enable                 0x0001cf11   Thumb Code    16  bsp.o(i.bsp_wakeup_button_enable)
    buildHeader                              0x0001cf21   Thumb Code    66  simplepubsub.o(i.buildHeader)
    connect                                  0x0001d0f1   Thumb Code    26  simplepubsub.o(i.connect)
    connect5                                 0x0001d10d   Thumb Code   360  simplepubsub.o(i.connect5)
    connected                                0x0001d2ed   Thumb Code    34  simplepubsub.o(i.connected)
    fputc                                    0x0001d533   Thumb Code    14  retarget.o(i.fputc)
    getReply                                 0x0001d541   Thumb Code    80  mqtt.o(i.getReply)
    intern_softdevice_events_execute         0x0001d5f9   Thumb Code   122  softdevice_handler.o(i.intern_softdevice_events_execute)
    loop                                     0x0001d96d   Thumb Code    70  simplepubsub.o(i.loop)
    main                                     0x0001d9bd   Thumb Code   302  main.o(i.main)
    millis                                   0x0001db25   Thumb Code    46  mqtt.o(i.millis)
    my_timer_start                           0x0001db69   Thumb Code    66  mqtt.o(i.my_timer_start)
    nrf_drv_clock_init                       0x0001dcb9   Thumb Code    60  nrf_drv_clock.o(i.nrf_drv_clock_init)
    nrf_drv_clock_on_sd_enable               0x0001dd01   Thumb Code    46  nrf_drv_clock.o(i.nrf_drv_clock_on_sd_enable)
    nrf_drv_clock_on_soc_event               0x0001dd35   Thumb Code    12  nrf_drv_clock.o(i.nrf_drv_clock_on_soc_event)
    nrf_drv_common_irq_enable                0x0001dd41   Thumb Code    78  nrf_drv_common.o(i.nrf_drv_common_irq_enable)
    nrf_drv_gpiote_in_event_enable           0x0001dda1   Thumb Code   136  nrf_drv_gpiote.o(i.nrf_drv_gpiote_in_event_enable)
    nrf_drv_gpiote_in_init                   0x0001de39   Thumb Code   154  nrf_drv_gpiote.o(i.nrf_drv_gpiote_in_init)
    nrf_drv_gpiote_in_is_set                 0x0001dee1   Thumb Code    16  nrf_drv_gpiote.o(i.nrf_drv_gpiote_in_is_set)
    nrf_drv_gpiote_init                      0x0001def5   Thumb Code    84  nrf_drv_gpiote.o(i.nrf_drv_gpiote_init)
    nrf_drv_gpiote_is_init                   0x0001df51   Thumb Code    12  nrf_drv_gpiote.o(i.nrf_drv_gpiote_is_init)
    nrf_drv_uart_init                        0x0001df61   Thumb Code   118  nrf_drv_uart.o(i.nrf_drv_uart_init)
    nrf_drv_uart_rx                          0x0001dfe1   Thumb Code    86  nrf_drv_uart.o(i.nrf_drv_uart_rx)
    nrf_drv_uart_rx_enable                   0x0001e03d   Thumb Code    40  nrf_drv_uart.o(i.nrf_drv_uart_rx_enable)
    nrf_drv_uart_tx                          0x0001e111   Thumb Code    46  nrf_drv_uart.o(i.nrf_drv_uart_tx)
    nrf_drv_uart_tx_in_progress              0x0001e1d1   Thumb Code    20  nrf_drv_uart.o(i.nrf_drv_uart_tx_in_progress)
    ping_handle                              0x0001e7a9   Thumb Code   104  simplepubsub.o(i.ping_handle)
    readserver                               0x0001e84d   Thumb Code   538  simplepubsub.o(i.readserver)
    sendCheckReply                           0x0001ecc9   Thumb Code    64  mqtt.o(i.sendCheckReply)
    softdevice_ble_evt_handler_set           0x0001ed2d   Thumb Code    16  softdevice_handler.o(i.softdevice_ble_evt_handler_set)
    softdevice_enable                        0x0001ed41   Thumb Code    14  softdevice_handler.o(i.softdevice_enable)
    softdevice_enable_get_default_config     0x0001ed55   Thumb Code    40  softdevice_handler.o(i.softdevice_enable_get_default_config)
    softdevice_fault_handler                 0x0001ed7d   Thumb Code     8  softdevice_handler.o(i.softdevice_fault_handler)
    softdevice_handler_init                  0x0001ed85   Thumb Code    74  softdevice_handler.o(i.softdevice_handler_init)
    softdevice_handler_is_enabled            0x0001eddd   Thumb Code     6  softdevice_handler.o(i.softdevice_handler_is_enabled)
    subscribe                                0x0001ede9   Thumb Code    10  simplepubsub.o(i.subscribe)
    subscribe2                               0x0001edf5   Thumb Code   174  simplepubsub.o(i.subscribe2)
    uart_event_handle                        0x0001f0c5   Thumb Code   528  mqtt.o(i.uart_event_handle)
    uart_init                                0x0001f415   Thumb Code    54  mqtt.o(i.uart_init)
    write                                    0x0001f5ad   Thumb Code    74  simplepubsub.o(i.write)
    writeString                              0x0001f611   Thumb Code    44  simplepubsub.o(i.writeString)
    Region$$Table$$Base                      0x0001f858   Number         0  anon$$obj.o(Region$$Table)
    Region$$Table$$Limit                     0x0001f878   Number         0  anon$$obj.o(Region$$Table)
    Image$$RW_IRAM1$$Base                    0x20001fe8   Number         0  anon$$obj.o ABSOLUTE
    mqtt_flag                                0x20001fe8   Data           1  main.o(.data)
    retry_default                            0x20001fe9   Data           1  main.o(.data)
    topicLed                                 0x20001fec   Data           4  main.o(.data)
    broker                                   0x20001ff0   Data           4  main.o(.data)
    lastReconnectAttempt                     0x20001ff4   Data           4  main.o(.data)
    Arrow_flag                               0x20001ff8   Data           1  main.o(.data)
    clinet_connect_f                         0x20001ff9   Data           1  main.o(.data)
    uart_available                           0x20001ffc   Data           1  mqtt.o(.data)
    client_available_f                       0x20001ffd   Data           1  mqtt.o(.data)
    on_buf_f                                 0x20001ffe   Data           1  mqtt.o(.data)
    off_buf_f                                0x20001fff   Data           1  mqtt.o(.data)
    replyidx_f                               0x20002000   Data           1  mqtt.o(.data)
    get_data_f                               0x20002001   Data           1  mqtt.o(.data)
    buf_4023_f                               0x20002002   Data           1  mqtt.o(.data)
    buf_4024_f                               0x20002003   Data           1  mqtt.o(.data)
    ciprxgt404_f                             0x20002005   Data           1  mqtt.o(.data)
    ciprxgt405_f                             0x20002006   Data           1  mqtt.o(.data)
    ciprxgt402_f                             0x20002007   Data           1  mqtt.o(.data)
    connectOK_f                              0x20002008   Data           1  mqtt.o(.data)
    replyidx                                 0x2000200a   Data           2  mqtt.o(.data)
    buf_4023                                 0x20002010   Data           4  mqtt.o(.data)
    buf_4024                                 0x20002014   Data           4  mqtt.o(.data)
    buf3                                     0x20002018   Data           4  mqtt.o(.data)
    buf4                                     0x2000201c   Data           4  mqtt.o(.data)
    buf5                                     0x20002020   Data           4  mqtt.o(.data)
    buf6                                     0x20002024   Data           4  mqtt.o(.data)
    buf7                                     0x20002028   Data           4  mqtt.o(.data)
    buf8                                     0x2000202c   Data           4  mqtt.o(.data)
    buf9                                     0x20002030   Data           4  mqtt.o(.data)
    on_buf                                   0x20002034   Data           4  mqtt.o(.data)
    off_buf                                  0x20002038   Data           4  mqtt.o(.data)
    subAck_buf                               0x20002040   Data           5  mqtt.o(.data)
    connect_ack_f                            0x20002048   Data           1  simplepubsub.o(.data)
    flag                                     0x20002049   Data           1  simplepubsub.o(.data)
    pingOutstanding                          0x2000204a   Data           1  simplepubsub.o(.data)
    socketTimeout                            0x2000204c   Data           2  simplepubsub.o(.data)
    keepAlive                                0x2000204e   Data           2  simplepubsub.o(.data)
    bufferSize                               0x20002050   Data           2  simplepubsub.o(.data)
    nextMsgId                                0x20002052   Data           2  simplepubsub.o(.data)
    connect_buf                              0x20002054   Data           4  simplepubsub.o(.data)
    on_buffer                                0x20002058   Data           4  simplepubsub.o(.data)
    off_buffer                               0x2000205c   Data           4  simplepubsub.o(.data)
    lastOutActivity                          0x20002060   Data           4  simplepubsub.o(.data)
    lastInActivity                           0x20002064   Data           4  simplepubsub.o(.data)
    _state                                   0x20002068   Data           4  simplepubsub.o(.data)
    nrf_nvic_state                           0x200020e0   Data           8  app_util_platform.o(.data)
    __stdout                                 0x200020e8   Data           4  retarget.o(.data)
    SystemCoreClock                          0x20002100   Data           4  system_nrf51.o(.data)
    BtBuff                                   0x20002404   Data          50  main.o(.bss)
    data_array                               0x20002636   Data          70  mqtt.o(.bss)
    connecAck_data_array                     0x2000267c   Data          70  mqtt.o(.bss)
    buf                                      0x200026c2   Data          50  mqtt.o(.bss)
    buf_D                                    0x200026f4   Data          20  mqtt.o(.bss)
    on_buf_array                             0x20002708   Data          70  mqtt.o(.bss)
    ans_buf                                  0x2000274e   Data          70  mqtt.o(.bss)
    buf2                                     0x20002794   Data          50  simplepubsub.o(.bss)
    buffer                                   0x200027c6   Data         100  simplepubsub.o(.bss)
    _SEGGER_RTT                              0x20002c40   Data         120  segger_rtt.o(.bss)
    __initial_sp                             0x200034b8   Data           0  arm_startup_nrf51.o(STACK)



==============================================================================

Memory Map of the image

  Image Entry point : 0x0001b0c1

  Load Region LR_IROM1 (Base: 0x0001b000, Size: 0x00004994, Max: 0x00025000, ABSOLUTE)

    Execution Region ER_IROM1 (Exec base: 0x0001b000, Load base: 0x0001b000, Size: 0x00004878, Max: 0x00025000, ABSOLUTE)

    Exec Addr    Load Addr    Size         Type   Attr      Idx    E Section Name        Object

    0x0001b000   0x0001b000   0x000000c0   Data   RO         2790    RESET               arm_startup_nrf51.o
    0x0001b0c0   0x0001b0c0   0x00000000   Code   RO         2832  * .ARM.Collect$$$$00000000  mc_p.l(entry.o)
    0x0001b0c0   0x0001b0c0   0x00000004   Code   RO         3114    .ARM.Collect$$$$00000001  mc_p.l(entry2.o)
    0x0001b0c4   0x0001b0c4   0x00000004   Code   RO         3117    .ARM.Collect$$$$00000004  mc_p.l(entry5.o)
    0x0001b0c8   0x0001b0c8   0x00000000   Code   RO         3119    .ARM.Collect$$$$00000008  mc_p.l(entry7b.o)
    0x0001b0c8   0x0001b0c8   0x00000000   Code   RO         3121    .ARM.Collect$$$$0000000A  mc_p.l(entry8b.o)
    0x0001b0c8   0x0001b0c8   0x00000008   Code   RO         3122    .ARM.Collect$$$$0000000B  mc_p.l(entry9a.o)
    0x0001b0d0   0x0001b0d0   0x00000000   Code   RO         3124    .ARM.Collect$$$$0000000D  mc_p.l(entry10a.o)
    0x0001b0d0   0x0001b0d0   0x00000000   Code   RO         3126    .ARM.Collect$$$$0000000F  mc_p.l(entry11a.o)
    0x0001b0d0   0x0001b0d0   0x00000004   Code   RO         3115    .ARM.Collect$$$$00002712  mc_p.l(entry2.o)
    0x0001b0d4   0x0001b0d4   0x00000038   Code   RO         2791    .text               arm_startup_nrf51.o
    0x0001b10c   0x0001b10c   0x0000002c   Code   RO         2835    .text               mc_p.l(uidiv.o)
    0x0001b138   0x0001b138   0x00000060   Code   RO         2837    .text               mc_p.l(uldiv.o)
    0x0001b198   0x0001b198   0x00000024   Code   RO         2839    .text               mc_p.l(memcpya.o)
    0x0001b1bc   0x0001b1bc   0x00000024   Code   RO         2841    .text               mc_p.l(memseta.o)
    0x0001b1e0   0x0001b1e0   0x0000000e   Code   RO         2843    .text               mc_p.l(strlen.o)
    0x0001b1ee   0x0001b1ee   0x0000001c   Code   RO         2845    .text               mc_p.l(strcmp.o)
    0x0001b20a   0x0001b20a   0x00000012   Code   RO         2847    .text               mc_p.l(strcpy.o)
    0x0001b21c   0x0001b21c   0x0000001e   Code   RO         2849    .text               mc_p.l(strncmp.o)
    0x0001b23a   0x0001b23a   0x00000020   Code   RO         3128    .text               mc_p.l(llshl.o)
    0x0001b25a   0x0001b25a   0x00000022   Code   RO         3130    .text               mc_p.l(llushr.o)
    0x0001b27c   0x0001b27c   0x00000024   Code   RO         3143    .text               mc_p.l(init.o)
    0x0001b2a0   0x0001b2a0   0x00000178   Code   RO         1570    i.GPIOTE_IRQHandler  nrf_drv_gpiote.o
    0x0001b418   0x0001b418   0x00000374   Code   RO            3    i.GPRS_CON          main.o
    0x0001b78c   0x0001b78c   0x0000008c   Code   RO            4    i.MQTT_CON          main.o
    0x0001b818   0x0001b818   0x00000094   Code   RO            5    i.MQTT_INIT         main.o
    0x0001b8ac   0x0001b8ac   0x00000044   Code   RO         2148    i.NVIC_SetPriority  app_timer.o
    0x0001b8f0   0x0001b8f0   0x00000054   Code   RO         1358    i.POWER_CLOCK_IRQHandler  nrf_drv_clock.o
    0x0001b944   0x0001b944   0x00000020   Code   RO         2149    i.RTC1_IRQHandler   app_timer.o
    0x0001b964   0x0001b964   0x0000003c   Code   RO         2520    i.SEGGER_RTT_Write  segger_rtt.o
    0x0001b9a0   0x0001b9a0   0x0000005c   Code   RO         2521    i.SEGGER_RTT_WriteNoLock  segger_rtt.o
    0x0001b9fc   0x0001b9fc   0x00000018   Code   RO         2523    i.SEGGER_RTT_WriteString  segger_rtt.o
    0x0001ba14   0x0001ba14   0x00000008   Code   RO         2150    i.SWI0_IRQHandler   app_timer.o
    0x0001ba1c   0x0001ba1c   0x00000020   Code   RO         2657    i.SWI2_IRQHandler   softdevice_handler.o
    0x0001ba3c   0x0001ba3c   0x000000a0   Code   RO         2798    i.SystemInit        system_nrf51.o
    0x0001badc   0x0001badc   0x0000002c   Code   RO          341    i.TIMER1_IRQHandler  mqtt.o
    0x0001bb08   0x0001bb08   0x00000014   Code   RO         1785    i.UART0_IRQHandler  nrf_drv_uart.o
    0x0001bb1c   0x0001bb1c   0x00000068   Code   RO         2524    i._DoInit           segger_rtt.o
    0x0001bb84   0x0001bb84   0x00000016   Code   RO         2525    i._GetAvailWriteSpace  segger_rtt.o
    0x0001bb9a   0x0001bb9a   0x00000060   Code   RO         2527    i._WriteBlocking    segger_rtt.o
    0x0001bbfa   0x0001bbfa   0x0000003c   Code   RO         2528    i._WriteNoCheck     segger_rtt.o
    0x0001bc36   0x0001bc36   0x00000002   PAD
    0x0001bc38   0x0001bc38   0x00000020   Code   RO         3060    i.__0printf$8       mc_p.l(printf8.o)
    0x0001bc58   0x0001bc58   0x00000028   Code   RO         3062    i.__0sprintf$8      mc_p.l(printf8.o)
    0x0001bc80   0x0001bc80   0x0000001a   Code   RO          888    i.__ARM_common_switch8  bsp.o
    0x0001bc9a   0x0001bc9a   0x0000000e   Code   RO         3153    i.__scatterload_copy  mc_p.l(handlers.o)
    0x0001bca8   0x0001bca8   0x00000002   Code   RO         3154    i.__scatterload_null  mc_p.l(handlers.o)
    0x0001bcaa   0x0001bcaa   0x0000000e   Code   RO         3155    i.__scatterload_zeroinit  mc_p.l(handlers.o)
    0x0001bcb8   0x0001bcb8   0x0000001c   Code   RO         2658    i.__sd_nvic_app_accessible_irq  softdevice_handler.o
    0x0001bcd4   0x0001bcd4   0x00000428   Code   RO         3067    i._printf_core      mc_p.l(printf8.o)
    0x0001c0fc   0x0001c0fc   0x00000020   Code   RO         3068    i._printf_post_padding  mc_p.l(printf8.o)
    0x0001c11c   0x0001c11c   0x0000002c   Code   RO         3069    i._printf_pre_padding  mc_p.l(printf8.o)
    0x0001c148   0x0001c148   0x0000000a   Code   RO         3071    i._sputc            mc_p.l(printf8.o)
    0x0001c152   0x0001c152   0x0000003c   Code   RO          907    i.advertising_buttons_configure  bsp_btn_ble.o
    0x0001c18e   0x0001c18e   0x0000000a   Code   RO          794    i.alert_timer_handler  bsp.o
    0x0001c198   0x0001c198   0x00000024   Code   RO         1963    i.app_button_enable  app_button.o
    0x0001c1bc   0x0001c1bc   0x00000074   Code   RO         1964    i.app_button_init   app_button.o
    0x0001c230   0x0001c230   0x0000001c   Code   RO         2056    i.app_error_fault_handler  app_error_weak.o
    0x0001c24c   0x0001c24c   0x00000018   Code   RO         2018    i.app_error_handler_bare  app_error.o
    0x0001c264   0x0001c264   0x00000016   Code   RO         2080    i.app_fifo_get      app_fifo.o
    0x0001c27a   0x0001c27a   0x00000024   Code   RO         2081    i.app_fifo_init     app_fifo.o
    0x0001c29e   0x0001c29e   0x0000001a   Code   RO         2083    i.app_fifo_put      app_fifo.o
    0x0001c2b8   0x0001c2b8   0x0000002c   Code   RO         2153    i.app_timer_create  app_timer.o
    0x0001c2e4   0x0001c2e4   0x00000074   Code   RO         2154    i.app_timer_init    app_timer.o
    0x0001c358   0x0001c358   0x00000088   Code   RO         2155    i.app_timer_start   app_timer.o
    0x0001c3e0   0x0001c3e0   0x00000028   Code   RO         2156    i.app_timer_stop    app_timer.o
    0x0001c408   0x0001c408   0x00000038   Code   RO         2295    i.app_uart_get      app_uart_fifo.o
    0x0001c440   0x0001c440   0x000000b0   Code   RO         2296    i.app_uart_init     app_uart_fifo.o
    0x0001c4f0   0x0001c4f0   0x00000040   Code   RO         2297    i.app_uart_put      app_uart_fifo.o
    0x0001c530   0x0001c530   0x0000003c   Code   RO         2352    i.app_util_critical_region_enter  app_util_platform.o
    0x0001c56c   0x0001c56c   0x0000002c   Code   RO         2353    i.app_util_critical_region_exit  app_util_platform.o
    0x0001c598   0x0001c598   0x00000084   Code   RO         1786    i.apply_config      nrf_drv_uart.o
    0x0001c61c   0x0001c61c   0x00000024   Code   RO          342    i.at_com            mqtt.o
    0x0001c640   0x0001c640   0x00000026   Code   RO          343    i.at_com_check      mqtt.o
    0x0001c666   0x0001c666   0x00000002   PAD
    0x0001c668   0x0001c668   0x0000004c   Code   RO         1138    i.ble_db_discovery_evt_register  ble_db_discovery.o
    0x0001c6b4   0x0001c6b4   0x00000020   Code   RO         1139    i.ble_db_discovery_init  ble_db_discovery.o
    0x0001c6d4   0x0001c6d4   0x00000054   Code   RO         1140    i.ble_db_discovery_on_ble_evt  ble_db_discovery.o
    0x0001c728   0x0001c728   0x00000060   Code   RO         1141    i.ble_db_discovery_start  ble_db_discovery.o
    0x0001c788   0x0001c788   0x00000028   Code   RO            8    i.ble_evt_dispatch  main.o
    0x0001c7b0   0x0001c7b0   0x00000084   Code   RO            9    i.ble_nus_c_evt_handler  main.o
    0x0001c834   0x0001c834   0x0000001e   Code   RO         1295    i.ble_nus_c_handles_assign  ble_nus_c.o
    0x0001c852   0x0001c852   0x00000002   PAD
    0x0001c854   0x0001c854   0x00000054   Code   RO         1296    i.ble_nus_c_init    ble_nus_c.o
    0x0001c8a8   0x0001c8a8   0x00000068   Code   RO         1297    i.ble_nus_c_on_ble_evt  ble_nus_c.o
    0x0001c910   0x0001c910   0x0000007c   Code   RO         1298    i.ble_nus_c_on_db_disc_evt  ble_nus_c.o
    0x0001c98c   0x0001c98c   0x00000048   Code   RO         1299    i.ble_nus_c_rx_notif_enable  ble_nus_c.o
    0x0001c9d4   0x0001c9d4   0x0000000c   Code   RO          689    i.bsp_board_button_idx_to_pin  boards.o
    0x0001c9e0   0x0001c9e0   0x00000020   Code   RO          690    i.bsp_board_button_state_get  boards.o
    0x0001ca00   0x0001ca00   0x00000020   Code   RO          693    i.bsp_board_led_invert  boards.o
    0x0001ca20   0x0001ca20   0x00000014   Code   RO          694    i.bsp_board_led_off  boards.o
    0x0001ca34   0x0001ca34   0x00000014   Code   RO          695    i.bsp_board_led_on  boards.o
    0x0001ca48   0x0001ca48   0x00000020   Code   RO          696    i.bsp_board_led_state_get  boards.o
    0x0001ca68   0x0001ca68   0x00000028   Code   RO          697    i.bsp_board_leds_init  boards.o
    0x0001ca90   0x0001ca90   0x00000012   Code   RO          698    i.bsp_board_leds_off  boards.o
    0x0001caa2   0x0001caa2   0x00000012   Code   RO          699    i.bsp_board_leds_on  boards.o
    0x0001cab4   0x0001cab4   0x00000024   Code   RO          700    i.bsp_board_pin_to_button_idx  boards.o
    0x0001cad8   0x0001cad8   0x00000040   Code   RO          908    i.bsp_btn_ble_init  bsp_btn_ble.o
    0x0001cb18   0x0001cb18   0x00000078   Code   RO          909    i.bsp_btn_ble_on_ble_evt  bsp_btn_ble.o
    0x0001cb90   0x0001cb90   0x00000022   Code   RO          910    i.bsp_btn_ble_sleep_mode_prepare  bsp_btn_ble.o
    0x0001cbb2   0x0001cbb2   0x00000002   PAD
    0x0001cbb4   0x0001cbb4   0x00000094   Code   RO          795    i.bsp_button_event_handler  bsp.o
    0x0001cc48   0x0001cc48   0x00000008   Code   RO          796    i.bsp_button_is_pressed  bsp.o
    0x0001cc50   0x0001cc50   0x00000044   Code   RO           10    i.bsp_event_handler  main.o
    0x0001cc94   0x0001cc94   0x00000048   Code   RO          799    i.bsp_event_to_button_action_assign  bsp.o
    0x0001ccdc   0x0001ccdc   0x0000001c   Code   RO          800    i.bsp_indication_set  bsp.o
    0x0001ccf8   0x0001ccf8   0x00000098   Code   RO          801    i.bsp_init          bsp.o
    0x0001cd90   0x0001cd90   0x00000180   Code   RO          802    i.bsp_led_indication  bsp.o
    0x0001cf10   0x0001cf10   0x00000010   Code   RO          804    i.bsp_wakeup_button_enable  bsp.o
    0x0001cf20   0x0001cf20   0x00000042   Code   RO          462    i.buildHeader       simplepubsub.o
    0x0001cf62   0x0001cf62   0x0000000c   Code   RO          805    i.button_timer_handler  bsp.o
    0x0001cf6e   0x0001cf6e   0x00000002   PAD
    0x0001cf70   0x0001cf70   0x0000001c   Code   RO         1571    i.channel_free      nrf_drv_gpiote.o
    0x0001cf8c   0x0001cf8c   0x00000048   Code   RO         1572    i.channel_port_alloc  nrf_drv_gpiote.o
    0x0001cfd4   0x0001cfd4   0x00000010   Code   RO         1573    i.channel_port_get  nrf_drv_gpiote.o
    0x0001cfe4   0x0001cfe4   0x0000003c   Code   RO         1142    i.characteristics_discover  ble_db_discovery.o
    0x0001d020   0x0001d020   0x00000028   Code   RO         1359    i.clock_clk_started_notify  nrf_drv_clock.o
    0x0001d048   0x0001d048   0x000000a8   Code   RO         2158    i.compare_reg_update  app_timer.o
    0x0001d0f0   0x0001d0f0   0x0000001a   Code   RO          463    i.connect           simplepubsub.o
    0x0001d10a   0x0001d10a   0x00000002   PAD
    0x0001d10c   0x0001d10c   0x000001e0   Code   RO          467    i.connect5          simplepubsub.o
    0x0001d2ec   0x0001d2ec   0x0000002c   Code   RO          468    i.connected         simplepubsub.o
    0x0001d318   0x0001d318   0x00000010   Code   RO           11    i.db_disc_handler   main.o
    0x0001d328   0x0001d328   0x00000084   Code   RO         1143    i.descriptors_discover  ble_db_discovery.o
    0x0001d3ac   0x0001d3ac   0x00000060   Code   RO         1966    i.detection_delay_timeout_handler  app_button.o
    0x0001d40c   0x0001d40c   0x00000090   Code   RO         1144    i.discovery_complete_evt_trigger  ble_db_discovery.o
    0x0001d49c   0x0001d49c   0x0000002e   Code   RO         1145    i.discovery_error_evt_trigger  ble_db_discovery.o
    0x0001d4ca   0x0001d4ca   0x00000002   PAD
    0x0001d4cc   0x0001d4cc   0x00000040   Code   RO         2159    i.elapsed_ticks_acquire  app_timer.o
    0x0001d50c   0x0001d50c   0x00000014   Code   RO         2086    i.fifo_get          app_fifo.o
    0x0001d520   0x0001d520   0x00000012   Code   RO         2087    i.fifo_put          app_fifo.o
    0x0001d532   0x0001d532   0x0000000e   Code   RO         2437    i.fputc             retarget.o
    0x0001d540   0x0001d540   0x00000068   Code   RO          344    i.getReply          mqtt.o
    0x0001d5a8   0x0001d5a8   0x00000050   Code   RO         1967    i.gpiote_event_handler  app_button.o
    0x0001d5f8   0x0001d5f8   0x00000080   Code   RO         2659    i.intern_softdevice_events_execute  softdevice_handler.o
    0x0001d678   0x0001d678   0x00000044   Code   RO         1146    i.is_desc_discovery_reqd  ble_db_discovery.o
    0x0001d6bc   0x0001d6bc   0x00000048   Code   RO         2799    i.is_manual_peripheral_setup_needed  system_nrf51.o
    0x0001d704   0x0001d704   0x000000e8   Code   RO           12    i.is_uuid_present   main.o
    0x0001d7ec   0x0001d7ec   0x00000018   Code   RO          806    i.leds_timer_handler  bsp.o
    0x0001d804   0x0001d804   0x000000ac   Code   RO         2160    i.list_deletions_handler  app_timer.o
    0x0001d8b0   0x0001d8b0   0x000000bc   Code   RO         2161    i.list_insertions_handler  app_timer.o
    0x0001d96c   0x0001d96c   0x00000050   Code   RO          470    i.loop              simplepubsub.o
    0x0001d9bc   0x0001d9bc   0x00000168   Code   RO           13    i.main              main.o
    0x0001db24   0x0001db24   0x00000044   Code   RO          345    i.millis            mqtt.o
    0x0001db68   0x0001db68   0x00000064   Code   RO          346    i.my_timer_start    mqtt.o
    0x0001dbcc   0x0001dbcc   0x00000010   Code   RO         1574    i.nrf_bitmask_bit_is_set  nrf_drv_gpiote.o
    0x0001dbdc   0x0001dbdc   0x00000010   Code   RO         1363    i.nrf_clock_event_check  nrf_drv_clock.o
    0x0001dbec   0x0001dbec   0x00000034   Code   RO           15    i.nrf_delay_ms      main.o
    0x0001dc20   0x0001dc20   0x00000034   Code   RO          347    i.nrf_delay_ms      mqtt.o
    0x0001dc54   0x0001dc54   0x00000034   Code   RO          471    i.nrf_delay_ms      simplepubsub.o
    0x0001dc88   0x0001dc88   0x00000030   Code   RO         2162    i.nrf_delay_us      app_timer.o
    0x0001dcb8   0x0001dcb8   0x00000048   Code   RO         1370    i.nrf_drv_clock_init  nrf_drv_clock.o
    0x0001dd00   0x0001dd00   0x00000034   Code   RO         1377    i.nrf_drv_clock_on_sd_enable  nrf_drv_clock.o
    0x0001dd34   0x0001dd34   0x0000000c   Code   RO         1378    i.nrf_drv_clock_on_soc_event  nrf_drv_clock.o
    0x0001dd40   0x0001dd40   0x00000060   Code   RO         1529    i.nrf_drv_common_irq_enable  nrf_drv_common.o
    0x0001dda0   0x0001dda0   0x00000098   Code   RO         1577    i.nrf_drv_gpiote_in_event_enable  nrf_drv_gpiote.o
    0x0001de38   0x0001de38   0x000000a8   Code   RO         1578    i.nrf_drv_gpiote_in_init  nrf_drv_gpiote.o
    0x0001dee0   0x0001dee0   0x00000014   Code   RO         1579    i.nrf_drv_gpiote_in_is_set  nrf_drv_gpiote.o
    0x0001def4   0x0001def4   0x0000005c   Code   RO         1581    i.nrf_drv_gpiote_init  nrf_drv_gpiote.o
    0x0001df50   0x0001df50   0x00000010   Code   RO         1582    i.nrf_drv_gpiote_is_init  nrf_drv_gpiote.o
    0x0001df60   0x0001df60   0x00000080   Code   RO         1788    i.nrf_drv_uart_init  nrf_drv_uart.o
    0x0001dfe0   0x0001dfe0   0x0000005c   Code   RO         1789    i.nrf_drv_uart_rx   nrf_drv_uart.o
    0x0001e03c   0x0001e03c   0x0000002c   Code   RO         1792    i.nrf_drv_uart_rx_enable  nrf_drv_uart.o
    0x0001e068   0x0001e068   0x000000a8   Code   RO         1793    i.nrf_drv_uart_rx_for_uart  nrf_drv_uart.o
    0x0001e110   0x0001e110   0x00000034   Code   RO         1794    i.nrf_drv_uart_tx   nrf_drv_uart.o
    0x0001e144   0x0001e144   0x0000008c   Code   RO         1796    i.nrf_drv_uart_tx_for_uart  nrf_drv_uart.o
    0x0001e1d0   0x0001e1d0   0x00000018   Code   RO         1797    i.nrf_drv_uart_tx_in_progress  nrf_drv_uart.o
    0x0001e1e8   0x0001e1e8   0x00000028   Code   RO           16    i.nrf_gpio_cfg      main.o
    0x0001e210   0x0001e210   0x00000028   Code   RO          702    i.nrf_gpio_cfg      boards.o
    0x0001e238   0x0001e238   0x00000028   Code   RO         1594    i.nrf_gpio_cfg      nrf_drv_gpiote.o
    0x0001e260   0x0001e260   0x00000028   Code   RO         1799    i.nrf_gpio_cfg      nrf_drv_uart.o
    0x0001e288   0x0001e288   0x00000012   Code   RO         1801    i.nrf_gpio_cfg_input  nrf_drv_uart.o
    0x0001e29a   0x0001e29a   0x00000014   Code   RO         1802    i.nrf_gpio_cfg_output  nrf_drv_uart.o
    0x0001e2ae   0x0001e2ae   0x00000022   Code   RO          807    i.nrf_gpio_cfg_sense_set  bsp.o
    0x0001e2d0   0x0001e2d0   0x00000022   Code   RO         1596    i.nrf_gpio_cfg_sense_set  nrf_drv_gpiote.o
    0x0001e2f2   0x0001e2f2   0x00000002   PAD
    0x0001e2f4   0x0001e2f4   0x00000018   Code   RO          703    i.nrf_gpio_pin_write  boards.o
    0x0001e30c   0x0001e30c   0x00000028   Code   RO         1597    i.nrf_gpio_ports_read  nrf_drv_gpiote.o
    0x0001e334   0x0001e334   0x00000010   Code   RO         1598    i.nrf_gpiote_event_clear  nrf_drv_gpiote.o
    0x0001e344   0x0001e344   0x00000014   Code   RO         1599    i.nrf_gpiote_event_is_set  nrf_drv_gpiote.o
    0x0001e358   0x0001e358   0x0000000a   Code   RO         1803    i.nrf_uart_event_check  nrf_drv_uart.o
    0x0001e362   0x0001e362   0x00000010   Code   RO         1804    i.nrf_uart_int_enable_check  nrf_drv_uart.o
    0x0001e372   0x0001e372   0x00000002   PAD
    0x0001e374   0x0001e374   0x00000140   Code   RO           17    i.on_ble_evt        main.o
    0x0001e4b4   0x0001e4b4   0x000000f8   Code   RO         1147    i.on_characteristic_discovery_rsp  ble_db_discovery.o
    0x0001e5ac   0x0001e5ac   0x000000f4   Code   RO         1148    i.on_descriptor_discovery_rsp  ble_db_discovery.o
    0x0001e6a0   0x0001e6a0   0x0000006c   Code   RO         1149    i.on_primary_srv_discovery_rsp  ble_db_discovery.o
    0x0001e70c   0x0001e70c   0x0000006c   Code   RO         1150    i.on_srv_disc_completion  ble_db_discovery.o
    0x0001e778   0x0001e778   0x00000018   Code   RO         1600    i.pin_in_use_by_port  nrf_drv_gpiote.o
    0x0001e790   0x0001e790   0x00000018   Code   RO         1601    i.pin_in_use_by_te  nrf_drv_gpiote.o
    0x0001e7a8   0x0001e7a8   0x000000a4   Code   RO          472    i.ping_handle       simplepubsub.o
    0x0001e84c   0x0001e84c   0x00000304   Code   RO          479    i.readserver        simplepubsub.o
    0x0001eb50   0x0001eb50   0x00000038   Code   RO         1151    i.registered_handler_get  ble_db_discovery.o
    0x0001eb88   0x0001eb88   0x00000044   Code   RO         2163    i.rtc1_stop         app_timer.o
    0x0001ebcc   0x0001ebcc   0x00000026   Code   RO         1805    i.rx_byte           nrf_drv_uart.o
    0x0001ebf2   0x0001ebf2   0x00000014   Code   RO         1806    i.rx_done_event     nrf_drv_uart.o
    0x0001ec06   0x0001ec06   0x0000001a   Code   RO         1807    i.rx_enable         nrf_drv_uart.o
    0x0001ec20   0x0001ec20   0x00000024   Code   RO           18    i.scan_start        main.o
    0x0001ec44   0x0001ec44   0x00000084   Code   RO         2661    i.sd_nvic_EnableIRQ  softdevice_handler.o
    0x0001ecc8   0x0001ecc8   0x00000064   Code   RO          349    i.sendCheckReply    mqtt.o
    0x0001ed2c   0x0001ed2c   0x00000014   Code   RO         2662    i.softdevice_ble_evt_handler_set  softdevice_handler.o
    0x0001ed40   0x0001ed40   0x00000014   Code   RO         2663    i.softdevice_enable  softdevice_handler.o
    0x0001ed54   0x0001ed54   0x00000028   Code   RO         2664    i.softdevice_enable_get_default_config  softdevice_handler.o
    0x0001ed7c   0x0001ed7c   0x00000008   Code   RO         2665    i.softdevice_fault_handler  softdevice_handler.o
    0x0001ed84   0x0001ed84   0x00000058   Code   RO         2666    i.softdevice_handler_init  softdevice_handler.o
    0x0001eddc   0x0001eddc   0x0000000c   Code   RO         2667    i.softdevice_handler_is_enabled  softdevice_handler.o
    0x0001ede8   0x0001ede8   0x0000000a   Code   RO          482    i.subscribe         simplepubsub.o
    0x0001edf2   0x0001edf2   0x00000002   PAD
    0x0001edf4   0x0001edf4   0x000000fc   Code   RO          483    i.subscribe2        simplepubsub.o
    0x0001eef0   0x0001eef0   0x00000084   Code   RO         2164    i.timer_list_handler  app_timer.o
    0x0001ef74   0x0001ef74   0x00000010   Code   RO         2165    i.timer_list_handler_sched  app_timer.o
    0x0001ef84   0x0001ef84   0x00000040   Code   RO         2166    i.timer_list_insert  app_timer.o
    0x0001efc4   0x0001efc4   0x00000048   Code   RO         2167    i.timer_stop_op_schedule  app_timer.o
    0x0001f00c   0x0001f00c   0x00000080   Code   RO         2168    i.timer_timeouts_check  app_timer.o
    0x0001f08c   0x0001f08c   0x0000001e   Code   RO         1808    i.tx_byte           nrf_drv_uart.o
    0x0001f0aa   0x0001f0aa   0x00000018   Code   RO         1809    i.tx_done_event     nrf_drv_uart.o
    0x0001f0c2   0x0001f0c2   0x00000002   PAD
    0x0001f0c4   0x0001f0c4   0x000002a8   Code   RO          350    i.uart_event_handle  mqtt.o
    0x0001f36c   0x0001f36c   0x000000a8   Code   RO         2298    i.uart_event_handler  app_uart_fifo.o
    0x0001f414   0x0001f414   0x00000044   Code   RO          351    i.uart_init         mqtt.o
    0x0001f458   0x0001f458   0x00000128   Code   RO         1810    i.uart_irq_handler  nrf_drv_uart.o
    0x0001f580   0x0001f580   0x0000002c   Code   RO         2169    i.user_op_alloc     app_timer.o
    0x0001f5ac   0x0001f5ac   0x00000064   Code   RO          484    i.write             simplepubsub.o
    0x0001f610   0x0001f610   0x0000002c   Code   RO          486    i.writeString       simplepubsub.o
    0x0001f63c   0x0001f63c   0x00000020   Data   RO           22    .constdata          main.o
    0x0001f65c   0x0001f65c   0x00000018   Data   RO          355    .constdata          mqtt.o
    0x0001f674   0x0001f674   0x00000066   Data   RO          489    .constdata          simplepubsub.o
    0x0001f6da   0x0001f6da   0x00000008   Data   RO          704    .constdata          boards.o
    0x0001f6e2   0x0001f6e2   0x00000002   PAD
    0x0001f6e4   0x0001f6e4   0x0000002c   Data   RO          812    .constdata          bsp.o
    0x0001f710   0x0001f710   0x00000028   Data   RO         1301    .constdata          ble_nus_c.o
    0x0001f738   0x0001f738   0x00000004   Data   RO         1603    .constdata          nrf_drv_gpiote.o
    0x0001f73c   0x0001f73c   0x00000008   Data   RO         1969    .constdata          app_button.o
    0x0001f744   0x0001f744   0x00000020   Data   RO         2300    .constdata          app_uart_fifo.o
    0x0001f764   0x0001f764   0x00000028   Data   RO           23    .conststring        main.o
    0x0001f78c   0x0001f78c   0x000000c1   Data   RO          356    .conststring        mqtt.o
    0x0001f84d   0x0001f84d   0x00000003   PAD
    0x0001f850   0x0001f850   0x00000007   Data   RO          490    .conststring        simplepubsub.o
    0x0001f857   0x0001f857   0x00000001   PAD
    0x0001f858   0x0001f858   0x00000020   Data   RO         3151    Region$$Table       anon$$obj.o


    Execution Region RW_IRAM1 (Exec base: 0x20001fe8, Load base: 0x0001f878, Size: 0x000014d0, Max: 0x00006018, ABSOLUTE)

    Exec Addr    Load Addr    Size         Type   Attr      Idx    E Section Name        Object

    0x20001fe8   0x0001f878   0x00000010   Data   RW           26    .data               main.o
    0x20001ff8   0x0001f888   0x00000001   Data   RW           27    .data               main.o
    0x20001ff9   0x0001f889   0x00000001   Data   RW           28    .data               main.o
    0x20001ffa   0x0001f88a   0x00000002   PAD
    0x20001ffc   0x0001f88c   0x00000049   Data   RW          357    .data               mqtt.o
    0x20002045   0x0001f8d5   0x00000003   PAD
    0x20002048   0x0001f8d8   0x00000024   Data   RW          491    .data               simplepubsub.o
    0x2000206c   0x0001f8fc   0x00000014   Data   RW          813    .data               bsp.o
    0x20002080   0x0001f910   0x00000008   Data   RW          911    .data               bsp_btn_ble.o
    0x20002088   0x0001f918   0x00000010   Data   RW         1153    .data               ble_db_discovery.o
    0x20002098   0x0001f928   0x00000014   Data   RW         1970    .data               app_button.o
    0x200020ac   0x0001f93c   0x00000020   Data   RW         2170    .data               app_timer.o
    0x200020cc   0x0001f95c   0x00000010   Data   RW         2301    .data               app_uart_fifo.o
    0x200020dc   0x0001f96c   0x0000000c   Data   RW         2356    .data               app_util_platform.o
    0x200020e8   0x0001f978   0x00000004   Data   RW         2438    .data               retarget.o
    0x200020ec   0x0001f97c   0x00000014   Data   RW         2673    .data               softdevice_handler.o
    0x20002100   0x0001f990   0x00000004   Data   RW         2800    .data               system_nrf51.o
    0x20002104        -       0x00000332   Zero   RW           20    .bss                main.o
    0x20002436        -       0x00000318   Zero   RW          352    .bss                mqtt.o
    0x2000274e        -       0x00000046   Zero   RW          354    .bss                mqtt.o
    0x20002794        -       0x00000096   Zero   RW          487    .bss                simplepubsub.o
    0x2000282a   0x0001f994   0x00000002   PAD
    0x2000282c        -       0x00000020   Zero   RW          808    .bss                bsp.o
    0x2000284c        -       0x00000020   Zero   RW          809    .bss                bsp.o
    0x2000286c        -       0x0000000c   Zero   RW          810    .bss                bsp.o
    0x20002878        -       0x00000020   Zero   RW          811    .bss                bsp.o
    0x20002898        -       0x000002a0   Zero   RW         1152    .bss                ble_db_discovery.o
    0x20002b38        -       0x00000014   Zero   RW         1380    .bss                nrf_drv_clock.o
    0x20002b4c        -       0x00000048   Zero   RW         1602    .bss                nrf_drv_gpiote.o
    0x20002b94        -       0x0000001c   Zero   RW         1811    .bss                nrf_drv_uart.o
    0x20002bb0        -       0x00000020   Zero   RW         1968    .bss                app_button.o
    0x20002bd0        -       0x00000020   Zero   RW         2299    .bss                app_uart_fifo.o
    0x20002bf0        -       0x000000c8   Zero   RW         2529    .bss                segger_rtt.o
    0x20002cb8        -       0x00000800   Zero   RW         2788    STACK               arm_startup_nrf51.o


==============================================================================

Image component sizes


      Code (inc. data)   RO Data    RW Data    ZI Data      Debug   Object Name

       328         34          8         20         32       6454   app_button.o
        24          4          0          0          0       2185   app_error.o
        28         10          0          0          0       7074   app_error_weak.o
       122          0          0          0          0       4758   app_fifo.o
      1608        158          0         32          0      42959   app_timer.o
       464         44         32         16         32      10322   app_uart_fifo.o
       104         20          0         12          0       6346   app_util_platform.o
        56         18        192          0       2048        684   arm_startup_nrf51.o
      1502         72          0         16        672      15383   ble_db_discovery.o
       414         28         40          0          0      13710   ble_nus_c.o
       324         58          8          0          0      12304   boards.o
       914         86         44         20        108      14063   bsp.o
       278         12          0          8          0       9041   bsp_btn_ble.o
         0          0          0          0          0       2460   gpio_init.o
      2468        892         72         18        818      87258   main.o
      1290        312        217         73        862      18861   mqtt.o
       276         38          0          0         20      11812   nrf_drv_clock.o
        96         18          0          0          0       7292   nrf_drv_common.o
      1154        100          4          0         72      27776   nrf_drv_gpiote.o
      1338         52          0          0         28      30010   nrf_drv_uart.o
        14          0          0          4          0       2806   retarget.o
       458         40          0          0        200       9383   segger_rtt.o
      2090        548        109         36        150      18531   simplepubsub.o
       508         66          0         20          0      21227   softdevice_handler.o
       232         36          0          4          0       2323   system_nrf51.o

    ----------------------------------------------------------------------
     16112       2646        764        284       5044     385022   Object Totals
         0          0         32          0          0          0   (incl. Generated)
        22          0          6          5          2          0   (incl. Padding)

    ----------------------------------------------------------------------

      Code (inc. data)   RO Data    RW Data    ZI Data      Debug   Library Member Name

         0          0          0          0          0          0   entry.o
         0          0          0          0          0          0   entry10a.o
         0          0          0          0          0          0   entry11a.o
         8          4          0          0          0          0   entry2.o
         4          0          0          0          0          0   entry5.o
         0          0          0          0          0          0   entry7b.o
         0          0          0          0          0          0   entry8b.o
         8          4          0          0          0          0   entry9a.o
        30          0          0          0          0          0   handlers.o
        36          8          0          0          0         68   init.o
        32          0          0          0          0         68   llshl.o
        34          0          0          0          0         68   llushr.o
        36          0          0          0          0         60   memcpya.o
        36          0          0          0          0        100   memseta.o
      1222         56          0          0          0        468   printf8.o
        28          0          0          0          0         68   strcmp.o
        18          0          0          0          0         60   strcpy.o
        14          0          0          0          0         60   strlen.o
        30          0          0          0          0         72   strncmp.o
        44          0          0          0          0         72   uidiv.o
        96          0          0          0          0         84   uldiv.o

    ----------------------------------------------------------------------
      1676         72          0          0          0       1248   Library Totals
         0          0          0          0          0          0   (incl. Padding)

    ----------------------------------------------------------------------

      Code (inc. data)   RO Data    RW Data    ZI Data      Debug   Library Name

      1676         72          0          0          0       1248   mc_p.l

    ----------------------------------------------------------------------
      1676         72          0          0          0       1248   Library Totals

    ----------------------------------------------------------------------

==============================================================================


      Code (inc. data)   RO Data    RW Data    ZI Data      Debug   

     17788       2718        764        284       5044     377930   Grand Totals
     17788       2718        764        284       5044     377930   ELF Image Totals
     17788       2718        764        284          0          0   ROM Totals

==============================================================================

    Total RO  Size (Code + RO Data)                18552 (  18.12kB)
    Total RW  Size (RW Data + ZI Data)              5328 (   5.20kB)
    Total ROM Size (Code + RO Data + RW Data)      18836 (  18.39kB)

==============================================================================

